Component: ARM Compiler 5.06 update 5 (build 528) Tool: armlink [4d35e2]

==============================================================================

Section Cross References

    startup_stm32f407xx.o(STACK) refers (Special) to heapauxi.o(.text) for __use_two_region_memory
    startup_stm32f407xx.o(HEAP) refers (Special) to heapauxi.o(.text) for __use_two_region_memory
    startup_stm32f407xx.o(RESET) refers (Special) to heapauxi.o(.text) for __use_two_region_memory
    startup_stm32f407xx.o(RESET) refers to startup_stm32f407xx.o(STACK) for __initial_sp
    startup_stm32f407xx.o(RESET) refers to startup_stm32f407xx.o(.text) for Reset_Handler
    startup_stm32f407xx.o(RESET) refers to stm32f4xx_it.o(i.NMI_Handler) for NMI_Handler
    startup_stm32f407xx.o(RESET) refers to stm32f4xx_it.o(i.HardFault_Handler) for HardFault_Handler
    startup_stm32f407xx.o(RESET) refers to stm32f4xx_it.o(i.MemManage_Handler) for MemManage_Handler
    startup_stm32f407xx.o(RESET) refers to stm32f4xx_it.o(i.BusFault_Handler) for BusFault_Handler
    startup_stm32f407xx.o(RESET) refers to stm32f4xx_it.o(i.UsageFault_Handler) for UsageFault_Handler
    startup_stm32f407xx.o(RESET) refers to stm32f4xx_it.o(i.SVC_Handler) for SVC_Handler
    startup_stm32f407xx.o(RESET) refers to stm32f4xx_it.o(i.DebugMon_Handler) for DebugMon_Handler
    startup_stm32f407xx.o(RESET) refers to stm32f4xx_it.o(i.PendSV_Handler) for PendSV_Handler
    startup_stm32f407xx.o(RESET) refers to stm32f4xx_it.o(i.SysTick_Handler) for SysTick_Handler
    startup_stm32f407xx.o(RESET) refers to stm32f4xx_it.o(i.DMA1_Stream1_IRQHandler) for DMA1_Stream1_IRQHandler
    startup_stm32f407xx.o(RESET) refers to stm32f4xx_it.o(i.DMA1_Stream3_IRQHandler) for DMA1_Stream3_IRQHandler
    startup_stm32f407xx.o(RESET) refers to stm32f4xx_it.o(i.DMA1_Stream4_IRQHandler) for DMA1_Stream4_IRQHandler
    startup_stm32f407xx.o(RESET) refers to stm32f4xx_it.o(i.CAN1_RX0_IRQHandler) for CAN1_RX0_IRQHandler
    startup_stm32f407xx.o(RESET) refers to stm32f4xx_it.o(i.TIM1_UP_TIM10_IRQHandler) for TIM1_UP_TIM10_IRQHandler
    startup_stm32f407xx.o(RESET) refers to stm32f4xx_it.o(i.TIM2_IRQHandler) for TIM2_IRQHandler
    startup_stm32f407xx.o(RESET) refers to remote_control.o(i.USART3_IRQHandler) for USART3_IRQHandler
    startup_stm32f407xx.o(RESET) refers to stm32f4xx_it.o(i.CAN2_RX0_IRQHandler) for CAN2_RX0_IRQHandler
    startup_stm32f407xx.o(RESET) refers to stm32f4xx_it.o(i.OTG_FS_IRQHandler) for OTG_FS_IRQHandler
    startup_stm32f407xx.o(.text) refers (Special) to heapauxi.o(.text) for __use_two_region_memory
    startup_stm32f407xx.o(.text) refers to system_stm32f4xx.o(i.SystemInit) for SystemInit
    startup_stm32f407xx.o(.text) refers to __main.o(!!!main) for __main
    startup_stm32f407xx.o(.text) refers to startup_stm32f407xx.o(HEAP) for Heap_Mem
    startup_stm32f407xx.o(.text) refers to startup_stm32f407xx.o(STACK) for Stack_Mem
    main.o(i.SystemClock_Config) refers to rt_memclr_w.o(.text) for __aeabi_memclr4
    main.o(i.SystemClock_Config) refers to stm32f4xx_hal_rcc.o(i.HAL_RCC_OscConfig) for HAL_RCC_OscConfig
    main.o(i.SystemClock_Config) refers to main.o(i.Error_Handler) for Error_Handler
    main.o(i.SystemClock_Config) refers to stm32f4xx_hal_rcc.o(i.HAL_RCC_ClockConfig) for HAL_RCC_ClockConfig
    main.o(i.main) refers to stm32f4xx_hal.o(i.HAL_Init) for HAL_Init
    main.o(i.main) refers to main.o(i.SystemClock_Config) for SystemClock_Config
    main.o(i.main) refers to gpio.o(i.MX_GPIO_Init) for MX_GPIO_Init
    main.o(i.main) refers to dma.o(i.MX_DMA_Init) for MX_DMA_Init
    main.o(i.main) refers to can.o(i.MX_CAN1_Init) for MX_CAN1_Init
    main.o(i.main) refers to can.o(i.MX_CAN2_Init) for MX_CAN2_Init
    main.o(i.main) refers to usart.o(i.MX_USART3_UART_Init) for MX_USART3_UART_Init
    main.o(i.main) refers to tim.o(i.MX_TIM1_Init) for MX_TIM1_Init
    main.o(i.main) refers to spi.o(i.MX_SPI2_Init) for MX_SPI2_Init
    main.o(i.main) refers to tim.o(i.MX_TIM8_Init) for MX_TIM8_Init
    main.o(i.main) refers to tim.o(i.MX_TIM2_Init) for MX_TIM2_Init
    main.o(i.main) refers to usart.o(i.MX_USART6_UART_Init) for MX_USART6_UART_Init
    main.o(i.main) refers to usb_device.o(i.MX_USB_DEVICE_Init) for MX_USB_DEVICE_Init
    main.o(i.main) refers to usb_cdc.o(i.usb_cdc_init) for usb_cdc_init
    main.o(i.main) refers to driver_contorl.o(i.driver_contorl_pid) for driver_contorl_pid
    main.o(i.main) refers to chassis_task.o(i.chassis_task_D_init) for chassis_task_D_init
    main.o(i.main) refers to stm32f4xx_hal_tim.o(i.HAL_TIM_Base_Start_IT) for HAL_TIM_Base_Start_IT
    main.o(i.main) refers to stm32f4xx_hal_can.o(i.HAL_CAN_Start) for HAL_CAN_Start
    main.o(i.main) refers to nrf24l01.o(i.NRF24L01_Init) for NRF24L01_Init
    main.o(i.main) refers to tim.o(.bss) for htim1
    main.o(i.main) refers to can.o(.bss) for hcan1
[...]
    USBD_CDC_SetRxBuffer                     0x08005995   Thumb Code    30  usbd_cdc.o(i.USBD_CDC_SetRxBuffer)
    USBD_CDC_SetTxBuffer                     0x080059b3   Thumb Code    36  usbd_cdc.o(i.USBD_CDC_SetTxBuffer)
    USBD_CDC_TransmitPacket                  0x08005b19   Thumb Code    84  usbd_cdc.o(i.USBD_CDC_TransmitPacket)
    USBD_ClrClassConfig                      0x08005b71   Thumb Code    28  usbd_core.o(i.USBD_ClrClassConfig)
    USBD_CoreFindEP                          0x08005bcb   Thumb Code     6  usbd_core.o(i.USBD_CoreFindEP)
    USBD_CoreFindIF                          0x08005bd1   Thumb Code     6  usbd_core.o(i.USBD_CoreFindIF)
    USBD_CtlContinueRx                       0x08005bd7   Thumb Code    24  usbd_ioreq.o(i.USBD_CtlContinueRx)
    USBD_CtlContinueSendData                 0x08005bef   Thumb Code    24  usbd_ioreq.o(i.USBD_CtlContinueSendData)
    USBD_CtlError                            0x08005c07   Thumb Code    24  usbd_ctlreq.o(i.USBD_CtlError)
    USBD_CtlPrepareRx                        0x08005c1f   Thumb Code    46  usbd_ioreq.o(i.USBD_CtlPrepareRx)
    USBD_CtlReceiveStatus                    0x08005c4d   Thumb Code    26  usbd_ioreq.o(i.USBD_CtlReceiveStatus)
    USBD_CtlSendData                         0x08005c67   Thumb Code    36  usbd_ioreq.o(i.USBD_CtlSendData)
    USBD_CtlSendStatus                       0x08005c8b   Thumb Code    26  usbd_ioreq.o(i.USBD_CtlSendStatus)
    USBD_FS_ConfigStrDescriptor              0x08005ca5   Thumb Code    34  usbd_desc.o(i.USBD_FS_ConfigStrDescriptor)
    USBD_FS_DeviceDescriptor                 0x08005cd9   Thumb Code    10  usbd_desc.o(i.USBD_FS_DeviceDescriptor)
    USBD_FS_InterfaceStrDescriptor           0x08005ce9   Thumb Code    34  usbd_desc.o(i.USBD_FS_InterfaceStrDescriptor)
    USBD_FS_LangIDStrDescriptor              0x08005d21   Thumb Code    10  usbd_desc.o(i.USBD_FS_LangIDStrDescriptor)
    USBD_FS_ManufacturerStrDescriptor        0x08005d31   Thumb Code    20  usbd_desc.o(i.USBD_FS_ManufacturerStrDescriptor)
    USBD_FS_ProductStrDescriptor             0x08005d5d   Thumb Code    34  usbd_desc.o(i.USBD_FS_ProductStrDescriptor)
    USBD_FS_SerialStrDescriptor              0x08005d9d   Thumb Code    18  usbd_desc.o(i.USBD_FS_SerialStrDescriptor)
    USBD_GetEpDesc                           0x08006007   Thumb Code    80  usbd_core.o(i.USBD_GetEpDesc)
    USBD_GetNextDesc                         0x0800606d   Thumb Code    20  usbd_core.o(i.USBD_GetNextDesc)
    USBD_GetString                           0x080060db   Thumb Code   104  usbd_ctlreq.o(i.USBD_GetString)
    USBD_Get_USB_Status                      0x08006143   Thumb Code    44  usbd_conf.o(i.USBD_Get_USB_Status)
    USBD_Init                                0x0800616f   Thumb Code    58  usbd_core.o(i.USBD_Init)
    USBD_LL_ClearStallEP                     0x080061a9   Thumb Code    38  usbd_conf.o(i.USBD_LL_ClearStallEP)
    USBD_LL_CloseEP                          0x080061cf   Thumb Code    38  usbd_conf.o(i.USBD_LL_CloseEP)
    USBD_LL_DataInStage                      0x080061f5   Thumb Code   272  usbd_core.o(i.USBD_LL_DataInStage)
    USBD_LL_DataOutStage                     0x08006305   Thumb Code   266  usbd_core.o(i.USBD_LL_DataOutStage)
    USBD_LL_DevConnected                     0x0800640f   Thumb Code     6  usbd_core.o(i.USBD_LL_DevConnected)
    USBD_LL_DevDisconnected                  0x08006415   Thumb Code    38  usbd_core.o(i.USBD_LL_DevDisconnected)
    USBD_LL_GetRxDataSize                    0x0800643b   Thumb Code    18  usbd_conf.o(i.USBD_LL_GetRxDataSize)
    USBD_LL_Init                             0x0800644d   Thumb Code   100  usbd_conf.o(i.USBD_LL_Init)
    USBD_LL_IsStallEP                        0x080064b5   Thumb Code    56  usbd_conf.o(i.USBD_LL_IsStallEP)
    USBD_LL_IsoINIncomplete                  0x080064ed   Thumb Code    72  usbd_core.o(i.USBD_LL_IsoINIncomplete)
    USBD_LL_IsoOUTIncomplete                 0x08006535   Thumb Code    72  usbd_core.o(i.USBD_LL_IsoOUTIncomplete)
    USBD_LL_OpenEP                           0x0800657d   Thumb Code    48  usbd_conf.o(i.USBD_LL_OpenEP)
    USBD_LL_PrepareReceive                   0x080065ad   Thumb Code    48  usbd_conf.o(i.USBD_LL_PrepareReceive)
    USBD_LL_Reset                            0x080065dd   Thumb Code   110  usbd_core.o(i.USBD_LL_Reset)
    USBD_LL_Resume                           0x0800664b   Thumb Code    22  usbd_core.o(i.USBD_LL_Resume)
    USBD_LL_SOF                              0x08006661   Thumb Code    40  usbd_core.o(i.USBD_LL_SOF)
    USBD_LL_SetSpeed                         0x08006689   Thumb Code     8  usbd_core.o(i.USBD_LL_SetSpeed)
    USBD_LL_SetUSBAddress                    0x08006691   Thumb Code    38  usbd_conf.o(i.USBD_LL_SetUSBAddress)
    USBD_LL_SetupStage                       0x080066b7   Thumb Code   118  usbd_core.o(i.USBD_LL_SetupStage)
    USBD_LL_StallEP                          0x0800672d   Thumb Code    38  usbd_conf.o(i.USBD_LL_StallEP)
    USBD_LL_Start                            0x08006753   Thumb Code    30  usbd_conf.o(i.USBD_LL_Start)
    USBD_LL_Suspend                          0x08006771   Thumb Code    28  usbd_core.o(i.USBD_LL_Suspend)
    USBD_LL_Transmit                         0x0800678d   Thumb Code    48  usbd_conf.o(i.USBD_LL_Transmit)
    USBD_ParseSetupRequest                   0x080067bd   Thumb Code    54  usbd_ctlreq.o(i.USBD_ParseSetupRequest)
    USBD_RegisterClass                       0x080067f3   Thumb Code    72  usbd_core.o(i.USBD_RegisterClass)
    USBD_RunTestMode                         0x0800683b   Thumb Code     6  usbd_core.o(i.USBD_RunTestMode)
    USBD_SetClassConfig                      0x0800689b   Thumb Code    32  usbd_core.o(i.USBD_SetClassConfig)
    USBD_Start                               0x080069f9   Thumb Code    12  usbd_core.o(i.USBD_Start)
    USBD_StdDevReq                           0x08006a05   Thumb Code   174  usbd_ctlreq.o(i.USBD_StdDevReq)
    USBD_StdEPReq                            0x08006ab3   Thumb Code   644  usbd_ctlreq.o(i.USBD_StdEPReq)
    USBD_StdItfReq                           0x08006d37   Thumb Code   174  usbd_ctlreq.o(i.USBD_StdItfReq)
    USBD_static_free                         0x08006de5   Thumb Code     2  usbd_conf.o(i.USBD_static_free)
    USBD_static_malloc                       0x08006de9   Thumb Code     6  usbd_conf.o(i.USBD_static_malloc)
    USB_ActivateEndpoint                     0x08006df5   Thumb Code   202  stm32f4xx_ll_usb.o(i.USB_ActivateEndpoint)
    USB_ActivateSetup                        0x08006ec5   Thumb Code    40  stm32f4xx_ll_usb.o(i.USB_ActivateSetup)
    USB_CoreInit                             0x08006eed   Thumb Code   136  stm32f4xx_ll_usb.o(i.USB_CoreInit)
    USB_DeactivateEndpoint                   0x08006fdd   Thumb Code   318  stm32f4xx_ll_usb.o(i.USB_DeactivateEndpoint)
    USB_DevConnect                           0x08007129   Thumb Code    36  stm32f4xx_ll_usb.o(i.USB_DevConnect)
    USB_DevDisconnect                        0x0800714d   Thumb Code    36  stm32f4xx_ll_usb.o(i.USB_DevDisconnect)
    USB_DevInit                              0x08007171   Thumb Code   480  stm32f4xx_ll_usb.o(i.USB_DevInit)
    USB_DisableGlobalInt                     0x08007359   Thumb Code    14  stm32f4xx_ll_usb.o(i.USB_DisableGlobalInt)
    USB_EP0_OutStart                         0x08007369   Thumb Code   106  stm32f4xx_ll_usb.o(i.USB_EP0_OutStart)
    USB_EPClearStall                         0x080073d9   Thumb Code   142  stm32f4xx_ll_usb.o(i.USB_EPClearStall)
    USB_EPSetStall                           0x08007467   Thumb Code   154  stm32f4xx_ll_usb.o(i.USB_EPSetStall)
    USB_EPStartXfer                          0x08007501   Thumb Code   954  stm32f4xx_ll_usb.o(i.USB_EPStartXfer)
    USB_EPStopXfer                           0x080078c1   Thumb Code   236  stm32f4xx_ll_usb.o(i.USB_EPStopXfer)
    USB_EnableGlobalInt                      0x080079ad   Thumb Code    14  stm32f4xx_ll_usb.o(i.USB_EnableGlobalInt)
    USB_FlushRxFifo                          0x080079bb   Thumb Code    80  stm32f4xx_ll_usb.o(i.USB_FlushRxFifo)
    USB_FlushTxFifo                          0x08007a0b   Thumb Code    84  stm32f4xx_ll_usb.o(i.USB_FlushTxFifo)
    USB_GetDevSpeed                          0x08007a5f   Thumb Code    38  stm32f4xx_ll_usb.o(i.USB_GetDevSpeed)
    USB_GetMode                              0x08007a85   Thumb Code    10  stm32f4xx_ll_usb.o(i.USB_GetMode)
    USB_ReadDevAllInEpInterrupt              0x08007a8f   Thumb Code    20  stm32f4xx_ll_usb.o(i.USB_ReadDevAllInEpInterrupt)
    USB_ReadDevAllOutEpInterrupt             0x08007aa3   Thumb Code    20  stm32f4xx_ll_usb.o(i.USB_ReadDevAllOutEpInterrupt)
    USB_ReadDevInEPInterrupt                 0x08007ab7   Thumb Code    50  stm32f4xx_ll_usb.o(i.USB_ReadDevInEPInterrupt)
    USB_ReadDevOutEPInterrupt                0x08007ae9   Thumb Code    26  stm32f4xx_ll_usb.o(i.USB_ReadDevOutEPInterrupt)
    USB_ReadInterrupts                       0x08007b03   Thumb Code    10  stm32f4xx_ll_usb.o(i.USB_ReadInterrupts)
    USB_ReadPacket                           0x08007b0d   Thumb Code    96  stm32f4xx_ll_usb.o(i.USB_ReadPacket)
    USB_SetCurrentMode                       0x08007b6d   Thumb Code   104  stm32f4xx_ll_usb.o(i.USB_SetCurrentMode)
    USB_SetDevAddress                        0x08007bd5   Thumb Code    42  stm32f4xx_ll_usb.o(i.USB_SetDevAddress)
    USB_SetDevSpeed                          0x08007bff   Thumb Code    18  stm32f4xx_ll_usb.o(i.USB_SetDevSpeed)
    USB_SetTurnaroundTime                    0x08007c11   Thumb Code   192  stm32f4xx_ll_usb.o(i.USB_SetTurnaroundTime)
    USB_WritePacket                          0x08007cf9   Thumb Code    68  stm32f4xx_ll_usb.o(i.USB_WritePacket)
    UsageFault_Handler                       0x08007d3d   Thumb Code     4  stm32f4xx_it.o(i.UsageFault_Handler)
    W_SS                                     0x08007d41   Thumb Code    32  nrf24l01.o(i.W_SS)
    __hardfp_acos                            0x08007da1   Thumb Code   738  acos.o(i.__hardfp_acos)
    __kernel_poly                            0x080080f9   Thumb Code   248  poly.o(i.__kernel_poly)
    __mathlib_dbl_infnan                     0x080081f1   Thumb Code    20  dunder.o(i.__mathlib_dbl_infnan)
    __mathlib_dbl_invalid                    0x08008209   Thumb Code    24  dunder.o(i.__mathlib_dbl_invalid)
    can1_motor_measure_point                 0x08008245   Thumb Code    24  can_receive.o(i.can1_motor_measure_point)
    can2_motor_measure_point                 0x08008261   Thumb Code    24  can_receive.o(i.can2_motor_measure_point)
    can_filter_init                          0x0800827d   Thumb Code    84  bsp_can.o(i.can_filter_init)
    can_motor_measure_point                  0x080082d9   Thumb Code    26  can_receive.o(i.can_motor_measure_point)
    chassisMath_D_chassis                    0x080082f5   Thumb Code   548  chassis_task.o(i.chassisMath_D_chassis)
    chassis_D_task                           0x08008535   Thumb Code    80  chassis_task.o(i.chassis_D_task)
    chassis_task_D_init                      0x08008941   Thumb Code   228  chassis_task.o(i.chassis_task_D_init)
    driver_contorl_pid                       0x08008a2d   Thumb Code   486  driver_contorl.o(i.driver_contorl_pid)
    get_CAN2_motor1_measure_point            0x08008c8d   Thumb Code     4  can_receive.o(i.get_CAN2_motor1_measure_point)
    get_CAN2_motor2_measure_point            0x08008c95   Thumb Code     4  can_receive.o(i.get_CAN2_motor2_measure_point)
    get_CAN2_motor3_measure_point            0x08008c9d   Thumb Code     4  can_receive.o(i.get_CAN2_motor3_measure_point)
    get_CAN2_motor4_measure_point            0x08008ca5   Thumb Code     4  can_receive.o(i.get_CAN2_motor4_measure_point)
    get_CAN2_motor5_measure_point            0x08008cad   Thumb Code     4  can_receive.o(i.get_CAN2_motor5_measure_point)
    get_CAN2_motor6_measure_point            0x08008cb5   Thumb Code     4  can_receive.o(i.get_CAN2_motor6_measure_point)
    get_CAN2_motor7_measure_point            0x08008cbd   Thumb Code     4  can_receive.o(i.get_CAN2_motor7_measure_point)
    get_CAN2_motor8_measure_point            0x08008cc5   Thumb Code     4  can_receive.o(i.get_CAN2_motor8_measure_point)
    main                                     0x08008ccd   Thumb Code    90  main.o(i.main)
    motor_can_init                           0x08008d35   Thumb Code    66  motor_can.o(i.motor_can_init)
    motor_can_pid                            0x08008d7d   Thumb Code   520  motor_can.o(i.motor_can_pid)
    motor_can_return_ecd                     0x08008f91   Thumb Code    34  motor_can.o(i.motor_can_return_ecd)
    motor_can_return_speed                   0x08008fbd   Thumb Code    36  motor_can.o(i.motor_can_return_speed)
    motor_can_speed                          0x08009001   Thumb Code    70  motor_can.o(i.motor_can_speed)
    relay_control                            0x0800929d   Thumb Code    50  jidianqi.o(i.relay_control)
    relay_task                               0x080092d5   Thumb Code   126  jidianqi.o(i.relay_task)
    relay_task_mode                          0x08009361   Thumb Code   766  jidianqi.o(i.relay_task_mode)
    remote_behaviou_init                     0x08009685   Thumb Code    16  remote_behaviou.o(i.remote_behaviou_init)
    remote_behaviou_set                      0x08009695   Thumb Code   748  remote_behaviou.o(i.remote_behaviou_set)
    set_ref                                  0x08009a65   Thumb Code   110  pid.o(i.set_ref)
    slope                                    0x08009ad9   Thumb Code   148  chassis_task.o(i.slope)
    sqrt                                     0x08009b75   Thumb Code   110  sqrt.o(i.sqrt)
    usb_cdc_init                             0x08009be5   Thumb Code    16  usb_cdc.o(i.usb_cdc_init)
    usb_cdc_on_rx                            0x08009c01   Thumb Code   738  usb_cdc.o(i.usb_cdc_on_rx)
    usb_cdc_relay_task                       0x08009f29   Thumb Code    56  usb_cdc.o(i.usb_cdc_relay_task)
    usb_cdc_tick                             0x08009f69   Thumb Code    78  usb_cdc.o(i.usb_cdc_tick)
    usb_recet_flage                          0x08009fc5   Thumb Code    88  usb_cdc.o(i.usb_recet_flage)
    __aeabi_d2f                              0x0800a029   Thumb Code     0  d2f.o(x$fpl$d2f)
    _d2f                                     0x0800a029   Thumb Code    98  d2f.o(x$fpl$d2f)
    __aeabi_dadd                             0x0800a08d   Thumb Code     0  daddsub_clz.o(x$fpl$dadd)
    _dadd                                    0x0800a08d   Thumb Code   332  daddsub_clz.o(x$fpl$dadd)
    __fpl_dcmp_Inf                           0x0800a1dd   Thumb Code    24  dcmpi.o(x$fpl$dcmpinf)
    __aeabi_ddiv                             0x0800a1f5   Thumb Code     0  ddiv.o(x$fpl$ddiv)
    _ddiv                                    0x0800a1f5   Thumb Code   552  ddiv.o(x$fpl$ddiv)
    __aeabi_d2iz                             0x0800a4a5   Thumb Code     0  dfix.o(x$fpl$dfix)
    _dfix                                    0x0800a4a5   Thumb Code    94  dfix.o(x$fpl$dfix)
    __aeabi_i2d                              0x0800a503   Thumb Code     0  dflt_clz.o(x$fpl$dflt)
    _dflt                                    0x0800a503   Thumb Code    46  dflt_clz.o(x$fpl$dflt)
    __aeabi_cdcmple                          0x0800a531   Thumb Code     0  dleqf.o(x$fpl$dleqf)
    _dcmple                                  0x0800a531   Thumb Code   120  dleqf.o(x$fpl$dleqf)
    __fpl_dcmple_InfNaN                      0x0800a593   Thumb Code     0  dleqf.o(x$fpl$dleqf)
    __aeabi_dmul                             0x0800a5a9   Thumb Code     0  dmul.o(x$fpl$dmul)
    _dmul                                    0x0800a5a9   Thumb Code   332  dmul.o(x$fpl$dmul)
    __fpl_dnaninf                            0x0800a6fd   Thumb Code   156  dnaninf.o(x$fpl$dnaninf)
    __fpl_dretinf                            0x0800a799   Thumb Code    12  dretinf.o(x$fpl$dretinf)
    __aeabi_cdrcmple                         0x0800a7a5   Thumb Code     0  drleqf.o(x$fpl$drleqf)
    _drcmple                                 0x0800a7a5   Thumb Code   108  drleqf.o(x$fpl$drleqf)
    __aeabi_drsub                            0x0800a811   Thumb Code     0  daddsub_clz.o(x$fpl$drsb)
    _drsb                                    0x0800a811   Thumb Code    22  daddsub_clz.o(x$fpl$drsb)
    _dsqrt                                   0x0800a829   Thumb Code   404  dsqrt_umaal.o(x$fpl$dsqrt)
    __aeabi_dsub                             0x0800a9c1   Thumb Code     0  daddsub_clz.o(x$fpl$dsub)
    _dsub                                    0x0800a9c1   Thumb Code   464  daddsub_clz.o(x$fpl$dsub)
    __aeabi_f2d                              0x0800ab95   Thumb Code     0  f2d.o(x$fpl$f2d)
    _f2d                                     0x0800ab95   Thumb Code    86  f2d.o(x$fpl$f2d)
    __fpl_fnaninf                            0x0800abeb   Thumb Code   140  fnaninf.o(x$fpl$fnaninf)
    _fp_init                                 0x0800ac77   Thumb Code    10  fpinit.o(x$fpl$fpinit)
    __fplib_config_fpu_vfp                   0x0800ac7f   Thumb Code     0  fpinit.o(x$fpl$fpinit)
    __fplib_config_pureend_doubles           0x0800ac7f   Thumb Code     0  fpinit.o(x$fpl$fpinit)
    __fpl_fretinf                            0x0800ac81   Thumb Code    10  fretinf.o(x$fpl$fretinf)
    __I$use$fp                               0x0800ac8a   Number         0  usenofp.o(x$fpl$usenofp)
    AHBPrescTable                            0x0800ac92   Data          16  system_stm32f4xx.o(.constdata)
    APBPrescTable                            0x0800aca2   Data           8  system_stm32f4xx.o(.constdata)
    MY_ADDRESS                               0x0800acaa   Data           5  nrf24l01.o(.constdata)
    REMOTE_ADDRESS                           0x0800acaf   Data           5  nrf24l01.o(.constdata)
    relay_config                             0x0800acb4   Data          80  jidianqi.o(.constdata)
    Region$$Table$$Base                      0x0800ad58   Number         0  anon$$obj.o(Region$$Table)
    Region$$Table$$Limit                     0x0800ad78   Number         0  anon$$obj.o(Region$$Table)
    uwTick                                   0x20000004   Data           4  stm32f4xx_hal.o(.data)
    uwTickPrio                               0x20000008   Data           4  stm32f4xx_hal.o(.data)
    uwTickFreq                               0x2000000c   Data           1  stm32f4xx_hal.o(.data)
    SystemCoreClock                          0x20000010   Data           4  system_stm32f4xx.o(.data)
    angle_5                                  0x200000cc   Data           4  chassis_task.o(.data)
    angle_1                                  0x200000d0   Data           4  chassis_task.o(.data)
    angle_7                                  0x200000d4   Data           4  chassis_task.o(.data)
    angle_8                                  0x200000d8   Data           4  chassis_task.o(.data)
    chassis_motor_D_init                     0x200000dc   Data          48  chassis_task.o(.data)
    x                                        0x2000010c   Data           4  chassis_task.o(.data)
    y                                        0x20000110   Data           4  chassis_task.o(.data)
    w                                        0x20000114   Data           4  chassis_task.o(.data)
    speed_bl                                 0x20000118   Data           1  chassis_task.o(.data)
    speed_Q                                  0x2000011c   Data           4  chassis_task.o(.data)
    speed_Q1                                 0x20000120   Data           4  chassis_task.o(.data)
    tim1_count                               0x20000124   Data           2  chassis_task.o(.data)
    chass_flage                              0x20000126   Data           2  chassis_task.o(.data)
    driver_flage                             0x20000128   Data           2  chassis_task.o(.data)
    k                                        0x2000012c   Data           4  chassis_task.o(.data)
    speed_max_up                             0x20000130   Data           4  chassis_task.o(.data)
    speed_max_zero                           0x20000134   Data           4  chassis_task.o(.data)
    driver_delay_tick                        0x20000138   Data           4  driver_contorl.o(.data)
    driver_m3508_1                           0x2000013c   Data           4  driver_contorl.o(.data)
    driver_m3508_2                           0x20000140   Data           4  driver_contorl.o(.data)
    driver_m3508_3                           0x20000144   Data           4  driver_contorl.o(.data)
    driver_m3508_4                           0x20000148   Data           4  driver_contorl.o(.data)
    driver_m3508_5                           0x2000014c   Data           4  driver_contorl.o(.data)
    driver_m3508_6                           0x20000150   Data           4  driver_contorl.o(.data)
    driver_m3508_7                           0x20000154   Data           4  driver_contorl.o(.data)
    driver_m3508_8                           0x20000158   Data           4  driver_contorl.o(.data)
    driver_iref_inner_1                      0x2000015c   Data           2  driver_contorl.o(.data)
    driver_iref_inner_2                      0x2000015e   Data           2  driver_contorl.o(.data)
    driver_iref_inner_3                      0x20000160   Data           2  driver_contorl.o(.data)
    driver_iref_inner_4                      0x20000162   Data           2  driver_contorl.o(.data)
    driver_iref_inner_5                      0x20000164   Data           2  driver_contorl.o(.data)
    driver_iref_inner_6                      0x20000166   Data           2  driver_contorl.o(.data)
    driver_iref_inner_7                      0x20000168   Data           2  driver_contorl.o(.data)
    driver_iref_inner_8                      0x2000016a   Data           2  driver_contorl.o(.data)
    driver_pos_temp_1                        0x2000016c   Data           4  driver_contorl.o(.data)
    driver_pos_set_1                         0x20000170   Data           4  driver_contorl.o(.data)
    driver_vel_set_1                         0x20000174   Data           4  driver_contorl.o(.data)
    driver_pos_temp_2                        0x20000178   Data           4  driver_contorl.o(.data)
    driver_pos_set_2                         0x2000017c   Data           4  driver_contorl.o(.data)
    driver_vel_set_2                         0x20000180   Data           4  driver_contorl.o(.data)
    driver_pos_temp_3                        0x20000184   Data           4  driver_contorl.o(.data)
    driver_pos_set_3                         0x20000188   Data           4  driver_contorl.o(.data)
    driver_vel_set_3                         0x2000018c   Data           4  driver_contorl.o(.data)
    driver_pos_temp_4                        0x20000190   Data           4  driver_contorl.o(.data)
    driver_pos_set_4                         0x20000194   Data           4  driver_contorl.o(.data)
    driver_vel_set_4                         0x20000198   Data           4  driver_contorl.o(.data)
    driver_pos_temp_5                        0x2000019c   Data           4  driver_contorl.o(.data)
    driver_pos_set_5                         0x200001a0   Data           4  driver_contorl.o(.data)
    driver_vel_set_5                         0x200001a4   Data           4  driver_contorl.o(.data)
    driver_pos_temp_6                        0x200001a8   Data           4  driver_contorl.o(.data)
    driver_pos_set_6                         0x200001ac   Data           4  driver_contorl.o(.data)
    driver_vel_set_6                         0x200001b0   Data           4  driver_contorl.o(.data)
    driver_pos_temp_7                        0x200001b4   Data           4  driver_contorl.o(.data)
    driver_pos_set_7                         0x200001b8   Data           4  driver_contorl.o(.data)
    driver_vel_set_7                         0x200001bc   Data           4  driver_contorl.o(.data)
    driver_pos_temp_8                        0x200001c0   Data           4  driver_contorl.o(.data)
    driver_pos_set_8                         0x200001c4   Data           4  driver_contorl.o(.data)
    driver_vel_set_8                         0x200001c8   Data           4  driver_contorl.o(.data)
    driver_angle_1                           0x200001cc   Data           4  driver_contorl.o(.data)
    driver_angle_2                           0x200001d0   Data           4  driver_contorl.o(.data)
    driver_angle_3                           0x200001d4   Data           4  driver_contorl.o(.data)
    driver_angle_4                           0x200001d8   Data           4  driver_contorl.o(.data)
    driver_angle_5                           0x200001dc   Data           4  driver_contorl.o(.data)
    driver_angle_6                           0x200001e0   Data           4  driver_contorl.o(.data)
    driver_angle_7                           0x200001e4   Data           4  driver_contorl.o(.data)
    driver_angle_8                           0x200001e8   Data           4  driver_contorl.o(.data)
    driver_quansu_1                          0x200001ec   Data           4  driver_contorl.o(.data)
    driver_quansu_2                          0x200001f0   Data           4  driver_contorl.o(.data)
    driver_quansu_3                          0x200001f4   Data           4  driver_contorl.o(.data)
    driver_quansu_4                          0x200001f8   Data           4  driver_contorl.o(.data)
    driver_quansu_5                          0x200001fc   Data           4  driver_contorl.o(.data)
    driver_quansu_6                          0x20000200   Data           4  driver_contorl.o(.data)
    driver_quansu_7                          0x20000204   Data           4  driver_contorl.o(.data)
    driver_quansu_8                          0x20000208   Data           4  driver_contorl.o(.data)
    driver_ecd_sum_1                         0x2000020c   Data           4  driver_contorl.o(.data)
    driver_ecd_sum_2                         0x20000210   Data           4  driver_contorl.o(.data)
    driver_ecd_sum_3                         0x20000214   Data           4  driver_contorl.o(.data)
    driver_ecd_sum_4                         0x20000218   Data           4  driver_contorl.o(.data)
    driver_ecd_sum_5                         0x2000021c   Data           4  driver_contorl.o(.data)
    driver_ecd_sum_6                         0x20000220   Data           4  driver_contorl.o(.data)
    driver_ecd_sum_7                         0x20000224   Data           4  driver_contorl.o(.data)
    driver_ecd_sum_8                         0x20000228   Data           4  driver_contorl.o(.data)
    driver_temp                              0x2000022c   Data           4  driver_contorl.o(.data)
    ecd_value                                0x20000230   Data           4  driver_contorl.o(.data)
    angle                                    0x20000234   Data           4  driver_contorl.o(.data)
    usb_chassis_vx                           0x20000240   Data           4  usb_cdc.o(.data)
    usb_chassis_vy                           0x20000244   Data           4  usb_cdc.o(.data)
    usb_chassis_vw                           0x20000248   Data           4  usb_cdc.o(.data)
    usb_chassis_active                       0x2000024c   Data           1  usb_cdc.o(.data)
    usb_relay_flags                          0x2000024d   Data           1  usb_cdc.o(.data)
    usb_relay_updated                        0x2000024e   Data           1  usb_cdc.o(.data)
    usb_reset_sent_cnt                       0x20000250   Data           4  usb_cdc.o(.data)
    usb_reset_last_ret                       0x20000254   Data           1  usb_cdc.o(.data)
    nrf_reply_buf                            0x2000025d   Data          12  nrf24l01.o(.data)
    FS_Desc                                  0x20000278   Data          28  usbd_desc.o(.data)
    USBD_FS_DeviceDesc                       0x20000294   Data          18  usbd_desc.o(.data)
    USBD_LangIDDesc                          0x200002a8   Data           4  usbd_desc.o(.data)
    USBD_StringSerial                        0x200002ac   Data          26  usbd_desc.o(.data)
    USBD_Interface_fops_FS                   0x200002c8   Data          20  usbd_cdc_if.o(.data)
    USBD_CDC                                 0x200002ec   Data          56  usbd_cdc.o(.data)
    hcan1                                    0x2000036c   Data          40  can.o(.bss)
    hcan2                                    0x20000394   Data          40  can.o(.bss)
    hdma_spi2_rx                             0x200003bc   Data          96  spi.o(.bss)
    hdma_spi2_tx                             0x2000041c   Data          96  spi.o(.bss)
    hspi2                                    0x2000047c   Data          88  spi.o(.bss)
    htim1                                    0x200004d4   Data          72  tim.o(.bss)
    htim2                                    0x2000051c   Data          72  tim.o(.bss)
    htim8                                    0x20000564   Data          72  tim.o(.bss)
    huart3                                   0x200005ac   Data          72  usart.o(.bss)
    huart6                                   0x200005f4   Data          72  usart.o(.bss)
    hdma_usart3_rx                           0x2000063c   Data          96  usart.o(.bss)
    CAN1_motor_chassis                       0x2000069c   Data         110  can_receive.o(.bss)
    CAN2_motor_chassis                       0x2000070a   Data         110  can_receive.o(.bss)
    rc_ctrl                                  0x20000790   Data          22  remote_control.o(.bss)
    motor_can_id                             0x20000848   Data          22  motor_can.o(.bss)
    Motor_Can                                0x20000860   Data         960  motor_can.o(.bss)
    chassis_control_D                        0x20000c20   Data         152  chassis_task.o(.bss)
    motor_ctrl                               0x20000cb8   Data         160  driver_contorl.o(.bss)
    motor_task_queue                         0x20000d58   Data         352  driver_contorl.o(.bss)
    driver_pid3508v_1                        0x20000eb8   Data          76  driver_contorl.o(.bss)
    driver_pid3508pos_1                      0x20000f04   Data          76  driver_contorl.o(.bss)
    driver_pid3508v_2                        0x20000f50   Data          76  driver_contorl.o(.bss)
    driver_pid3508pos_2                      0x20000f9c   Data          76  driver_contorl.o(.bss)
    driver_pid3508v_3                        0x20000fe8   Data          76  driver_contorl.o(.bss)
    driver_pid3508pos_3                      0x20001034   Data          76  driver_contorl.o(.bss)
    driver_pid3508v_4                        0x20001080   Data          76  driver_contorl.o(.bss)
    driver_pid3508pos_4                      0x200010cc   Data          76  driver_contorl.o(.bss)
    driver_pid3508v_5                        0x20001118   Data          76  driver_contorl.o(.bss)
    driver_pid3508pos_5                      0x20001164   Data          76  driver_contorl.o(.bss)
    driver_pid3508v_6                        0x200011b0   Data          76  driver_contorl.o(.bss)
    driver_pid3508pos_6                      0x200011fc   Data          76  driver_contorl.o(.bss)
    driver_pid3508v_7                        0x20001248   Data          76  driver_contorl.o(.bss)
    driver_pid3508pos_7                      0x20001294   Data          76  driver_contorl.o(.bss)
    driver_pid3508v_8                        0x200012e0   Data          76  driver_contorl.o(.bss)
    driver_pid3508pos_8                      0x2000132c   Data          76  driver_contorl.o(.bss)
    vision                                   0x20001378   Data          18  usb_cdc.o(.bss)
    rc_data                                  0x200013d8   Data          12  nrf24l01.o(.bss)
    Buf                                      0x200013e4   Data          12  nrf24l01.o(.bss)
    hUsbDeviceFS                             0x20001414   Data         732  usb_device.o(.bss)
    USBD_StrDesc                             0x200016f0   Data         512  usbd_desc.o(.bss)
    UserRxBufferFS                           0x200018f0   Data        2048  usbd_cdc_if.o(.bss)
    UserTxBufferFS                           0x200020f0   Data        2048  usbd_cdc_if.o(.bss)
    hpcd_USB_OTG_FS                          0x200028f0   Data        1252  usbd_conf.o(.bss)
    __libspace_start                         0x20002ff4   Data          96  libspace.o(.bss)
    __temporary_stack_top$libspace           0x20003054   Data           0  libspace.o(.bss)



==============================================================================

Memory Map of the image

  Image Entry point : 0x08000189

  Load Region LR_IROM1 (Base: 0x08000000, Size: 0x0000b0e4, Max: 0x00100000, ABSOLUTE, COMPRESSED[0x0000aea0])

    Execution Region ER_IROM1 (Exec base: 0x08000000, Load base: 0x08000000, Size: 0x0000ad78, Max: 0x00100000, ABSOLUTE)

    Exec Addr    Load Addr    Size         Type   Attr      Idx    E Section Name        Object

    0x08000000   0x08000000   0x00000188   Data   RO            3    RESET               startup_stm32f407xx.o
    0x08000188   0x08000188   0x00000008   Code   RO         6655  * !!!main             c_w.l(__main.o)
    0x08000190   0x08000190   0x00000034   Code   RO         6924    !!!scatter          c_w.l(__scatter.o)
    0x080001c4   0x080001c4   0x0000005a   Code   RO         6922    !!dczerorl2         c_w.l(__dczerorl2.o)
    0x0800021e   0x0800021e   0x00000002   PAD
    0x08000220   0x08000220   0x0000001c   Code   RO         6926    !!handler_zi        c_w.l(__scatter_zi.o)
    0x0800023c   0x0800023c   0x00000002   Code   RO         6795    .ARM.Collect$$libinit$$00000000  c_w.l(libinit.o)
    0x0800023e   0x0800023e   0x00000004   Code   RO         6804    .ARM.Collect$$libinit$$00000001  c_w.l(libinit2.o)
    0x08000242   0x08000242   0x00000000   Code   RO         6807    .ARM.Collect$$libinit$$00000004  c_w.l(libinit2.o)
    0x08000242   0x08000242   0x00000000   Code   RO         6810    .ARM.Collect$$libinit$$0000000A  c_w.l(libinit2.o)
    0x08000242   0x08000242   0x00000000   Code   RO         6812    .ARM.Collect$$libinit$$0000000C  c_w.l(libinit2.o)
    0x08000242   0x08000242   0x00000000   Code   RO         6814    .ARM.Collect$$libinit$$0000000E  c_w.l(libinit2.o)
    0x08000242   0x08000242   0x00000000   Code   RO         6817    .ARM.Collect$$libinit$$00000011  c_w.l(libinit2.o)
    0x08000242   0x08000242   0x00000000   Code   RO         6819    .ARM.Collect$$libinit$$00000013  c_w.l(libinit2.o)
    0x08000242   0x08000242   0x00000000   Code   RO         6821    .ARM.Collect$$libinit$$00000015  c_w.l(libinit2.o)
    0x08000242   0x08000242   0x00000000   Code   RO         6823    .ARM.Collect$$libinit$$00000017  c_w.l(libinit2.o)
    0x08000242   0x08000242   0x00000000   Code   RO         6825    .ARM.Collect$$libinit$$00000019  c_w.l(libinit2.o)
    0x08000242   0x08000242   0x00000000   Code   RO         6827    .ARM.Collect$$libinit$$0000001B  c_w.l(libinit2.o)
    0x08000242   0x08000242   0x00000000   Code   RO         6829    .ARM.Collect$$libinit$$0000001D  c_w.l(libinit2.o)
    0x08000242   0x08000242   0x00000000   Code   RO         6831    .ARM.Collect$$libinit$$0000001F  c_w.l(libinit2.o)
    0x08000242   0x08000242   0x00000000   Code   RO         6833    .ARM.Collect$$libinit$$00000021  c_w.l(libinit2.o)
    0x08000242   0x08000242   0x00000000   Code   RO         6835    .ARM.Collect$$libinit$$00000023  c_w.l(libinit2.o)
    0x08000242   0x08000242   0x00000000   Code   RO         6837    .ARM.Collect$$libinit$$00000025  c_w.l(libinit2.o)
    0x08000242   0x08000242   0x00000000   Code   RO         6841    .ARM.Collect$$libinit$$0000002C  c_w.l(libinit2.o)
    0x08000242   0x08000242   0x00000000   Code   RO         6843    .ARM.Collect$$libinit$$0000002E  c_w.l(libinit2.o)
    0x08000242   0x08000242   0x00000000   Code   RO         6845    .ARM.Collect$$libinit$$00000030  c_w.l(libinit2.o)
    0x08000242   0x08000242   0x00000000   Code   RO         6847    .ARM.Collect$$libinit$$00000032  c_w.l(libinit2.o)
    0x08000242   0x08000242   0x00000002   Code   RO         6848    .ARM.Collect$$libinit$$00000033  c_w.l(libinit2.o)
    0x08000244   0x08000244   0x00000002   Code   RO         6879    .ARM.Collect$$libshutdown$$00000000  c_w.l(libshutdown.o)
    0x08000246   0x08000246   0x00000000   Code   RO         6905    .ARM.Collect$$libshutdown$$00000002  c_w.l(libshutdown2.o)
    0x08000246   0x08000246   0x00000000   Code   RO         6907    .ARM.Collect$$libshutdown$$00000004  c_w.l(libshutdown2.o)
    0x08000246   0x08000246   0x00000000   Code   RO         6910    .ARM.Collect$$libshutdown$$00000007  c_w.l(libshutdown2.o)
    0x08000246   0x08000246   0x00000000   Code   RO         6913    .ARM.Collect$$libshutdown$$0000000A  c_w.l(libshutdown2.o)
    0x08000246   0x08000246   0x00000000   Code   RO         6915    .ARM.Collect$$libshutdown$$0000000C  c_w.l(libshutdown2.o)
    0x08000246   0x08000246   0x00000000   Code   RO         6918    .ARM.Collect$$libshutdown$$0000000F  c_w.l(libshutdown2.o)
    0x08000246   0x08000246   0x00000002   Code   RO         6919    .ARM.Collect$$libshutdown$$00000010  c_w.l(libshutdown2.o)
    0x08000248   0x08000248   0x00000000   Code   RO         6707    .ARM.Collect$$rtentry$$00000000  c_w.l(__rtentry.o)
    0x08000248   0x08000248   0x00000000   Code   RO         6756    .ARM.Collect$$rtentry$$00000002  c_w.l(__rtentry2.o)
    0x08000248   0x08000248   0x00000006   Code   RO         6768    .ARM.Collect$$rtentry$$00000004  c_w.l(__rtentry4.o)
    0x0800024e   0x0800024e   0x00000000   Code   RO         6758    .ARM.Collect$$rtentry$$00000009  c_w.l(__rtentry2.o)
    0x0800024e   0x0800024e   0x00000004   Code   RO         6759    .ARM.Collect$$rtentry$$0000000A  c_w.l(__rtentry2.o)
    0x08000252   0x08000252   0x00000000   Code   RO         6761    .ARM.Collect$$rtentry$$0000000C  c_w.l(__rtentry2.o)
    0x08000252   0x08000252   0x00000008   Code   RO         6762    .ARM.Collect$$rtentry$$0000000D  c_w.l(__rtentry2.o)
    0x0800025a   0x0800025a   0x00000002   Code   RO         6796    .ARM.Collect$$rtexit$$00000000  c_w.l(rtexit.o)
    0x0800025c   0x0800025c   0x00000000   Code   RO         6852    .ARM.Collect$$rtexit$$00000002  c_w.l(rtexit2.o)
    0x0800025c   0x0800025c   0x00000004   Code   RO         6853    .ARM.Collect$$rtexit$$00000003  c_w.l(rtexit2.o)
    0x08000260   0x08000260   0x00000006   Code   RO         6854    .ARM.Collect$$rtexit$$00000004  c_w.l(rtexit2.o)
    0x08000266   0x08000266   0x00000002   PAD
    0x08000268   0x08000268   0x00000040   Code   RO            4    .text               startup_stm32f407xx.o
    0x080002a8   0x080002a8   0x000000ee   Code   RO         6647    .text               c_w.l(lludivv7m.o)
    0x08000396   0x08000396   0x0000004e   Code   RO         6651    .text               c_w.l(rt_memclr_w.o)
    0x080003e4   0x080003e4   0x00000006   Code   RO         6653    .text               c_w.l(heapauxi.o)
    0x080003ea   0x080003ea   0x00000016   Code   RO         6712    .text               c_w.l(_rserrno.o)
    0x08000400   0x08000400   0x00000008   Code   RO         6775    .text               c_w.l(rt_errno_addr_intlibspace.o)
    0x08000408   0x08000408   0x00000008   Code   RO         6779    .text               c_w.l(libspace.o)
    0x08000410   0x08000410   0x0000004a   Code   RO         6782    .text               c_w.l(sys_stackheap_outer.o)
    0x0800045a   0x0800045a   0x00000012   Code   RO         6784    .text               c_w.l(exit.o)
    0x0800046c   0x0800046c   0x0000000c   Code   RO         6849    .text               c_w.l(sys_exit.o)
    0x08000478   0x08000478   0x00000002   Code   RO         6868    .text               c_w.l(use_no_semi.o)
    0x0800047a   0x0800047a   0x00000000   Code   RO         6870    .text               c_w.l(indicate_semi.o)
    0x0800047a   0x0800047a   0x00000004   Code   RO          501    i.BusFault_Handler  stm32f4xx_it.o
    0x0800047e   0x0800047e   0x00000002   PAD
    0x08000480   0x08000480   0x00000010   Code   RO          502    i.CAN1_RX0_IRQHandler  stm32f4xx_it.o
    0x08000490   0x08000490   0x000000d8   Code   RO         4395    i.CAN1_cmd_Send     can_receive.o
    0x08000568   0x08000568   0x00000010   Code   RO          503    i.CAN2_RX0_IRQHandler  stm32f4xx_it.o
    0x08000578   0x08000578   0x00000044   Code   RO         5954    i.CDC_Control_FS    usbd_cdc_if.o
    0x080005bc   0x080005bc   0x00000004   Code   RO         5955    i.CDC_DeInit_FS     usbd_cdc_if.o
    0x080005c0   0x080005c0   0x00000024   Code   RO         5956    i.CDC_Init_FS       usbd_cdc_if.o
    0x080005e4   0x080005e4   0x00000024   Code   RO         5957    i.CDC_Receive_FS    usbd_cdc_if.o
    0x08000608   0x08000608   0x0000000c   Code   RO         5958    i.CDC_TransmitCplt_FS  usbd_cdc_if.o
    0x08000614   0x08000614   0x00000038   Code   RO         5959    i.CDC_Transmit_FS   usbd_cdc_if.o
    0x0800064c   0x0800064c   0x00000010   Code   RO          504    i.DMA1_Stream1_IRQHandler  stm32f4xx_it.o
    0x0800065c   0x0800065c   0x00000010   Code   RO          505    i.DMA1_Stream3_IRQHandler  stm32f4xx_it.o
    0x0800066c   0x0800066c   0x00000010   Code   RO          506    i.DMA1_Stream4_IRQHandler  stm32f4xx_it.o
    0x0800067c   0x0800067c   0x00000034   Code   RO         1749    i.DMA_CalcBaseAndBitshift  stm32f4xx_hal_dma.o
    0x080006b0   0x080006b0   0x000000aa   Code   RO         1750    i.DMA_CheckFifoParam  stm32f4xx_hal_dma.o
    0x0800075a   0x0800075a   0x0000002c   Code   RO         1751    i.DMA_SetConfig     stm32f4xx_hal_dma.o
    0x08000786   0x08000786   0x00000002   Code   RO          507    i.DebugMon_Handler  stm32f4xx_it.o
    0x08000788   0x08000788   0x00000006   Code   RO           13    i.Error_Handler     main.o
    0x0800078e   0x0800078e   0x00000002   PAD
    0x08000790   0x08000790   0x00000034   Code   RO         5877    i.Get_SerialNum     usbd_desc.o
    0x080007c4   0x080007c4   0x0000002a   Code   RO         2446    i.HAL_CAN_ActivateNotification  stm32f4xx_hal_can.o
    0x080007ee   0x080007ee   0x0000014a   Code   RO         2447    i.HAL_CAN_AddTxMessage  stm32f4xx_hal_can.o
    0x08000938   0x08000938   0x00000120   Code   RO         2448    i.HAL_CAN_ConfigFilter  stm32f4xx_hal_can.o
    0x08000a58   0x08000a58   0x00000002   Code   RO         2451    i.HAL_CAN_ErrorCallback  stm32f4xx_hal_can.o
    0x08000a5a   0x08000a5a   0x00000194   Code   RO         2454    i.HAL_CAN_GetRxMessage  stm32f4xx_hal_can.o
    0x08000bee   0x08000bee   0x0000024e   Code   RO         2458    i.HAL_CAN_IRQHandler  stm32f4xx_hal_can.o
    0x08000e3c   0x08000e3c   0x00000174   Code   RO         2459    i.HAL_CAN_Init      stm32f4xx_hal_can.o
    0x08000fb0   0x08000fb0   0x00000160   Code   RO          285    i.HAL_CAN_MspInit   can.o
    0x08001110   0x08001110   0x00000002   Code   RO         2466    i.HAL_CAN_RxFifo0FullCallback  stm32f4xx_hal_can.o
    0x08001112   0x08001112   0x00000002   PAD
    0x08001114   0x08001114   0x000001c8   Code   RO         4402    i.HAL_CAN_RxFifo0MsgPendingCallback  can_receive.o
    0x080012dc   0x080012dc   0x00000002   Code   RO         2468    i.HAL_CAN_RxFifo1FullCallback  stm32f4xx_hal_can.o
    0x080012de   0x080012de   0x00000002   Code   RO         2469    i.HAL_CAN_RxFifo1MsgPendingCallback  stm32f4xx_hal_can.o
    0x080012e0   0x080012e0   0x00000002   Code   RO         2470    i.HAL_CAN_SleepCallback  stm32f4xx_hal_can.o
    0x080012e2   0x080012e2   0x0000005e   Code   RO         2471    i.HAL_CAN_Start     stm32f4xx_hal_can.o
    0x08001340   0x08001340   0x00000002   Code   RO         2473    i.HAL_CAN_TxMailbox0AbortCallback  stm32f4xx_hal_can.o
    0x08001342   0x08001342   0x00000002   Code   RO         2474    i.HAL_CAN_TxMailbox0CompleteCallback  stm32f4xx_hal_can.o
    0x08001344   0x08001344   0x00000002   Code   RO         2475    i.HAL_CAN_TxMailbox1AbortCallback  stm32f4xx_hal_can.o
    0x08001346   0x08001346   0x00000002   Code   RO         2476    i.HAL_CAN_TxMailbox1CompleteCallback  stm32f4xx_hal_can.o
    0x08001348   0x08001348   0x00000002   Code   RO         2477    i.HAL_CAN_TxMailbox2AbortCallback  stm32f4xx_hal_can.o
    0x0800134a   0x0800134a   0x00000002   Code   RO         2478    i.HAL_CAN_TxMailbox2CompleteCallback  stm32f4xx_hal_can.o
    0x0800134c   0x0800134c   0x00000002   Code   RO         2480    i.HAL_CAN_WakeUpFromRxMsgCallback  stm32f4xx_hal_can.o
    0x0800134e   0x0800134e   0x00000002   PAD
    0x08001350   0x08001350   0x00000240   Code   RO         1757    i.HAL_DMA_IRQHandler  stm32f4xx_hal_dma.o
    0x08001590   0x08001590   0x000000ec   Code   RO         1758    i.HAL_DMA_Init      stm32f4xx_hal_dma.o
    0x0800167c   0x0800167c   0x00000092   Code   RO         1762    i.HAL_DMA_Start_IT  stm32f4xx_hal_dma.o
    0x0800170e   0x0800170e   0x00000002   PAD
    0x08001710   0x08001710   0x00000028   Code   RO         2194    i.HAL_Delay         stm32f4xx_hal.o
    0x08001738   0x08001738   0x000001f4   Code   RO         1645    i.HAL_GPIO_Init     stm32f4xx_hal_gpio.o
    0x0800192c   0x0800192c   0x0000000c   Code   RO         1649    i.HAL_GPIO_WritePin  stm32f4xx_hal_gpio.o
    0x08001938   0x08001938   0x0000000c   Code   RO         2200    i.HAL_GetTick       stm32f4xx_hal.o
    0x08001944   0x08001944   0x00000018   Code   RO         2206    i.HAL_IncTick       stm32f4xx_hal.o
    0x0800195c   0x0800195c   0x0000003c   Code   RO         2207    i.HAL_Init          stm32f4xx_hal.o
    0x08001998   0x08001998   0x0000004c   Code   RO         2208    i.HAL_InitTick      stm32f4xx_hal.o
    0x080019e4   0x080019e4   0x00000048   Code   RO          625    i.HAL_MspInit       stm32f4xx_hal_msp.o
    0x08001a2c   0x08001a2c   0x00000028   Code   RO         2037    i.HAL_NVIC_EnableIRQ  stm32f4xx_hal_cortex.o
    0x08001a54   0x08001a54   0x0000007c   Code   RO         2043    i.HAL_NVIC_SetPriority  stm32f4xx_hal_cortex.o
    0x08001ad0   0x08001ad0   0x00000028   Code   RO         2044    i.HAL_NVIC_SetPriorityGrouping  stm32f4xx_hal_cortex.o
    0x08001af8   0x08001af8   0x00000002   Code   RO          893    i.HAL_PCDEx_LPM_Callback  stm32f4xx_hal_pcd_ex.o
    0x08001afa   0x08001afa   0x0000000a   Code   RO          894    i.HAL_PCDEx_SetRxFiFo  stm32f4xx_hal_pcd_ex.o
    0x08001b04   0x08001b04   0x0000004e   Code   RO          895    i.HAL_PCDEx_SetTxFiFo  stm32f4xx_hal_pcd_ex.o
    0x08001b52   0x08001b52   0x0000000e   Code   RO         6011    i.HAL_PCD_ConnectCallback  usbd_conf.o
    0x08001b60   0x08001b60   0x00000020   Code   RO         6012    i.HAL_PCD_DataInStageCallback  usbd_conf.o
    0x08001b80   0x08001b80   0x00000020   Code   RO         6013    i.HAL_PCD_DataOutStageCallback  usbd_conf.o
    0x08001ba0   0x08001ba0   0x0000000e   Code   RO         6014    i.HAL_PCD_DisconnectCallback  usbd_conf.o
    0x08001bae   0x08001bae   0x00000042   Code   RO          658    i.HAL_PCD_EP_Abort  stm32f4xx_hal_pcd.o
    0x08001bf0   0x08001bf0   0x0000006a   Code   RO          659    i.HAL_PCD_EP_Close  stm32f4xx_hal_pcd.o
    0x08001c5a   0x08001c5a   0x0000007c   Code   RO          660    i.HAL_PCD_EP_ClrStall  stm32f4xx_hal_pcd.o
    0x08001cd6   0x08001cd6   0x00000016   Code   RO          662    i.HAL_PCD_EP_GetRxCount  stm32f4xx_hal_pcd.o
    0x08001cec   0x08001cec   0x0000008e   Code   RO          663    i.HAL_PCD_EP_Open   stm32f4xx_hal_pcd.o
    0x08001d7a   0x08001d7a   0x00000046   Code   RO          664    i.HAL_PCD_EP_Receive  stm32f4xx_hal_pcd.o
    0x08001dc0   0x08001dc0   0x0000008a   Code   RO          665    i.HAL_PCD_EP_SetStall  stm32f4xx_hal_pcd.o
    0x08001e4a   0x08001e4a   0x00000048   Code   RO          666    i.HAL_PCD_EP_Transmit  stm32f4xx_hal_pcd.o
    0x08001e92   0x08001e92   0x000006ca   Code   RO          668    i.HAL_PCD_IRQHandler  stm32f4xx_hal_pcd.o
    0x0800255c   0x0800255c   0x00000012   Code   RO         6015    i.HAL_PCD_ISOINIncompleteCallback  usbd_conf.o
    0x0800256e   0x0800256e   0x00000012   Code   RO         6016    i.HAL_PCD_ISOOUTIncompleteCallback  usbd_conf.o
    0x08002580   0x08002580   0x0000015e   Code   RO          671    i.HAL_PCD_Init      stm32f4xx_hal_pcd.o
    0x080026de   0x080026de   0x00000002   PAD
    0x080026e0   0x080026e0   0x000000a8   Code   RO         6018    i.HAL_PCD_MspInit   usbd_conf.o
    0x08002788   0x08002788   0x00000030   Code   RO         6019    i.HAL_PCD_ResetCallback  usbd_conf.o
    0x080027b8   0x080027b8   0x0000000e   Code   RO         6020    i.HAL_PCD_ResumeCallback  usbd_conf.o
    0x080027c6   0x080027c6   0x0000000e   Code   RO         6021    i.HAL_PCD_SOFCallback  usbd_conf.o
    0x080027d4   0x080027d4   0x00000034   Code   RO          677    i.HAL_PCD_SetAddress  stm32f4xx_hal_pcd.o
    0x08002808   0x08002808   0x00000012   Code   RO         6022    i.HAL_PCD_SetupStageCallback  usbd_conf.o
    0x0800281a   0x0800281a   0x0000004c   Code   RO          680    i.HAL_PCD_Start     stm32f4xx_hal_pcd.o
    0x08002866   0x08002866   0x00000002   PAD
    0x08002868   0x08002868   0x00000034   Code   RO         6023    i.HAL_PCD_SuspendCallback  usbd_conf.o
    0x0800289c   0x0800289c   0x00000184   Code   RO         1246    i.HAL_RCC_ClockConfig  stm32f4xx_hal_rcc.o
    0x08002a20   0x08002a20   0x0000000c   Code   RO         1251    i.HAL_RCC_GetHCLKFreq  stm32f4xx_hal_rcc.o
    0x08002a2c   0x08002a2c   0x00000020   Code   RO         1253    i.HAL_RCC_GetPCLK1Freq  stm32f4xx_hal_rcc.o
    0x08002a4c   0x08002a4c   0x00000020   Code   RO         1254    i.HAL_RCC_GetPCLK2Freq  stm32f4xx_hal_rcc.o
    0x08002a6c   0x08002a6c   0x000000b0   Code   RO         1255    i.HAL_RCC_GetSysClockFreq  stm32f4xx_hal_rcc.o
    0x08002b1c   0x08002b1c   0x0000049c   Code   RO         1258    i.HAL_RCC_OscConfig  stm32f4xx_hal_rcc.o
    0x08002fb8   0x08002fb8   0x00000002   Code   RO         2686    i.HAL_SPI_ErrorCallback  stm32f4xx_hal_spi.o
    0x08002fba   0x08002fba   0x00000008   Code   RO         2688    i.HAL_SPI_GetState  stm32f4xx_hal_spi.o
    0x08002fc2   0x08002fc2   0x000000c8   Code   RO         2690    i.HAL_SPI_Init      stm32f4xx_hal_spi.o
    0x0800308a   0x0800308a   0x00000002   PAD
    0x0800308c   0x0800308c   0x0000018c   Code   RO          358    i.HAL_SPI_MspInit   spi.o
    0x08003218   0x08003218   0x00000002   Code   RO         2696    i.HAL_SPI_RxCpltCallback  stm32f4xx_hal_spi.o
    0x0800321a   0x0800321a   0x00000002   Code   RO         2697    i.HAL_SPI_RxHalfCpltCallback  stm32f4xx_hal_spi.o
    0x0800321c   0x0800321c   0x00000248   Code   RO         2699    i.HAL_SPI_TransmitReceive  stm32f4xx_hal_spi.o
    0x08003464   0x08003464   0x00000164   Code   RO         2700    i.HAL_SPI_TransmitReceive_DMA  stm32f4xx_hal_spi.o
    0x080035c8   0x080035c8   0x00000002   Code   RO         2706    i.HAL_SPI_TxRxCpltCallback  stm32f4xx_hal_spi.o
    0x080035ca   0x080035ca   0x00000002   Code   RO         2707    i.HAL_SPI_TxRxHalfCpltCallback  stm32f4xx_hal_spi.o
    0x080035cc   0x080035cc   0x00000034   Code   RO         2048    i.HAL_SYSTICK_Config  stm32f4xx_hal_cortex.o
    0x08003600   0x08003600   0x00000002   Code   RO         3718    i.HAL_TIMEx_BreakCallback  stm32f4xx_hal_tim_ex.o
    0x08003602   0x08003602   0x00000002   Code   RO         3719    i.HAL_TIMEx_CommutCallback  stm32f4xx_hal_tim_ex.o
    0x08003604   0x08003604   0x000000b4   Code   RO         3737    i.HAL_TIMEx_MasterConfigSynchronization  stm32f4xx_hal_tim_ex.o
    0x080036b8   0x080036b8   0x00000066   Code   RO         3003    i.HAL_TIM_Base_Init  stm32f4xx_hal_tim.o
    0x0800371e   0x0800371e   0x00000002   PAD
    0x08003720   0x08003720   0x000000b4   Code   RO          400    i.HAL_TIM_Base_MspInit  tim.o
    0x080037d4   0x080037d4   0x000000a8   Code   RO         3008    i.HAL_TIM_Base_Start_IT  stm32f4xx_hal_tim.o
    0x0800387c   0x0800387c   0x0000010c   Code   RO         3012    i.HAL_TIM_ConfigClockSource  stm32f4xx_hal_tim.o
    0x08003988   0x08003988   0x00000002   Code   RO         3037    i.HAL_TIM_IC_CaptureCallback  stm32f4xx_hal_tim.o
    0x0800398a   0x0800398a   0x0000016c   Code   RO         3051    i.HAL_TIM_IRQHandler  stm32f4xx_hal_tim.o
    0x08003af6   0x08003af6   0x00000002   Code   RO         3054    i.HAL_TIM_OC_DelayElapsedCallback  stm32f4xx_hal_tim.o
    0x08003af8   0x08003af8   0x00000002   Code   RO         3081    i.HAL_TIM_PWM_PulseFinishedCallback  stm32f4xx_hal_tim.o
    0x08003afa   0x08003afa   0x00000002   PAD
    0x08003afc   0x08003afc   0x00000094   Code   RO         4804    i.HAL_TIM_PeriodElapsedCallback  chassis_task.o
    0x08003b90   0x08003b90   0x00000002   Code   RO         3094    i.HAL_TIM_TriggerCallback  stm32f4xx_hal_tim.o
    0x08003b92   0x08003b92   0x00000076   Code   RO         4015    i.HAL_UART_Init     stm32f4xx_hal_uart.o
    0x08003c08   0x08003c08   0x0000015c   Code   RO          454    i.HAL_UART_MspInit  usart.o
    0x08003d64   0x08003d64   0x00000004   Code   RO          508    i.HardFault_Handler  stm32f4xx_it.o
    0x08003d68   0x08003d68   0x0000003e   Code   RO         5878    i.IntToUnicode      usbd_desc.o
    0x08003da6   0x08003da6   0x00000002   PAD
    0x08003da8   0x08003da8   0x00000044   Code   RO          286    i.MX_CAN1_Init      can.o
    0x08003dec   0x08003dec   0x00000044   Code   RO          287    i.MX_CAN2_Init      can.o
    0x08003e30   0x08003e30   0x00000058   Code   RO          333    i.MX_DMA_Init       dma.o
    0x08003e88   0x08003e88   0x00000208   Code   RO          260    i.MX_GPIO_Init      gpio.o
    0x08004090   0x08004090   0x00000044   Code   RO          359    i.MX_SPI2_Init      spi.o
    0x080040d4   0x080040d4   0x00000074   Code   RO          401    i.MX_TIM1_Init      tim.o
    0x08004148   0x08004148   0x0000006c   Code   RO          402    i.MX_TIM2_Init      tim.o
    0x080041b4   0x080041b4   0x00000070   Code   RO          403    i.MX_TIM8_Init      tim.o
    0x08004224   0x08004224   0x0000003c   Code   RO          455    i.MX_USART3_UART_Init  usart.o
    0x08004260   0x08004260   0x00000038   Code   RO          456    i.MX_USART6_UART_Init  usart.o
    0x08004298   0x08004298   0x0000004c   Code   RO         5838    i.MX_USB_DEVICE_Init  usb_device.o
    0x080042e4   0x080042e4   0x00000004   Code   RO          509    i.MemManage_Handler  stm32f4xx_it.o
    0x080042e8   0x080042e8   0x00000004   Code   RO          510    i.NMI_Handler       stm32f4xx_it.o
    0x080042ec   0x080042ec   0x00000064   Code   RO         5378    i.NRF24L01_Check    nrf24l01.o
    0x08004350   0x08004350   0x00000058   Code   RO         5379    i.NRF24L01_GetRxBuf  nrf24l01.o
    0x080043a8   0x080043a8   0x00000020   Code   RO         5380    i.NRF24L01_Init     nrf24l01.o
    0x080043c8   0x080043c8   0x00000058   Code   RO         5381    i.NRF24L01_Pin_Init  nrf24l01.o
    0x08004420   0x08004420   0x00000070   Code   RO         5382    i.NRF24L01_RT_Init  nrf24l01.o
    0x08004490   0x08004490   0x00000038   Code   RO         5383    i.NRF24L01_Read_Buf  nrf24l01.o
    0x080044c8   0x080044c8   0x00000022   Code   RO         5385    i.NRF24L01_Read_Reg  nrf24l01.o
    0x080044ea   0x080044ea   0x0000001e   Code   RO         5386    i.NRF24L01_ReceiveBuf  nrf24l01.o
    0x08004508   0x08004508   0x0000007a   Code   RO         5388    i.NRF24L01_SendBuf  nrf24l01.o
    0x08004582   0x08004582   0x00000002   PAD
    0x08004584   0x08004584   0x00000028   Code   RO         5391    i.NRF24L01_Task     nrf24l01.o
    0x080045ac   0x080045ac   0x00000038   Code   RO         5392    i.NRF24L01_Write_Buf  nrf24l01.o
    0x080045e4   0x080045e4   0x00000044   Code   RO         5393    i.NRF24L01_Write_Buf_DMA  nrf24l01.o
    0x08004628   0x08004628   0x00000024   Code   RO         5394    i.NRF24L01_Write_Reg  nrf24l01.o
    0x0800464c   0x0800464c   0x00000010   Code   RO          511    i.OTG_FS_IRQHandler  stm32f4xx_it.o
    0x0800465c   0x0800465c   0x00000064   Code   RO          684    i.PCD_EP_OutSetupPacket_int  stm32f4xx_hal_pcd.o
    0x080046c0   0x080046c0   0x00000144   Code   RO          685    i.PCD_EP_OutXfrComplete_int  stm32f4xx_hal_pcd.o
    0x08004804   0x08004804   0x000000b6   Code   RO          686    i.PCD_WriteEmptyTxFifo  stm32f4xx_hal_pcd.o
    0x080048ba   0x080048ba   0x00000002   PAD
    0x080048bc   0x080048bc   0x00000214   Code   RO         5531    i.PID_calc          pid.o
    0x08004ad0   0x08004ad0   0x00000060   Code   RO         5533    i.PID_init          pid.o
    0x08004b30   0x08004b30   0x00000060   Code   RO         5576    i.PID_struct_init   pidd.o
    0x08004b90   0x08004b90   0x00000002   Code   RO          512    i.PendSV_Handler    stm32f4xx_it.o
    0x08004b92   0x08004b92   0x00000028   Code   RO         2718    i.SPI_DMAError      stm32f4xx_hal_spi.o
    0x08004bba   0x08004bba   0x0000000e   Code   RO         2719    i.SPI_DMAHalfReceiveCplt  stm32f4xx_hal_spi.o
    0x08004bc8   0x08004bc8   0x0000000e   Code   RO         2721    i.SPI_DMAHalfTransmitReceiveCplt  stm32f4xx_hal_spi.o
    0x08004bd6   0x08004bd6   0x0000007c   Code   RO         2722    i.SPI_DMAReceiveCplt  stm32f4xx_hal_spi.o
    0x08004c52   0x08004c52   0x00000068   Code   RO         2725    i.SPI_DMATransmitReceiveCplt  stm32f4xx_hal_spi.o
    0x08004cba   0x08004cba   0x00000094   Code   RO         2727    i.SPI_EndRxTransaction  stm32f4xx_hal_spi.o
    0x08004d4e   0x08004d4e   0x00000002   PAD
    0x08004d50   0x08004d50   0x00000088   Code   RO         2728    i.SPI_EndRxTxTransaction  stm32f4xx_hal_spi.o
    0x08004dd8   0x08004dd8   0x00000024   Code   RO         5395    i.SPI_SwapByte      nrf24l01.o
    0x08004dfc   0x08004dfc   0x000000d8   Code   RO         2733    i.SPI_WaitFlagStateUntilTimeout  stm32f4xx_hal_spi.o
    0x08004ed4   0x08004ed4   0x00000002   Code   RO          513    i.SVC_Handler       stm32f4xx_it.o
    0x08004ed6   0x08004ed6   0x00000012   Code   RO         6380    i.SWAPBYTE          usbd_ctlreq.o
    0x08004ee8   0x08004ee8   0x00000008   Code   RO          514    i.SysTick_Handler   stm32f4xx_it.o
    0x08004ef0   0x08004ef0   0x000000b4   Code   RO           14    i.SystemClock_Config  main.o
    0x08004fa4   0x08004fa4   0x00000014   Code   RO         4359    i.SystemInit        system_stm32f4xx.o
    0x08004fb8   0x08004fb8   0x00000010   Code   RO          515    i.TIM1_UP_TIM10_IRQHandler  stm32f4xx_it.o
    0x08004fc8   0x08004fc8   0x00000010   Code   RO          516    i.TIM2_IRQHandler   stm32f4xx_it.o
    0x08004fd8   0x08004fd8   0x000000e0   Code   RO         3096    i.TIM_Base_SetConfig  stm32f4xx_hal_tim.o
    0x080050b8   0x080050b8   0x00000016   Code   RO         3107    i.TIM_ETR_SetConfig  stm32f4xx_hal_tim.o
    0x080050ce   0x080050ce   0x00000012   Code   RO         3108    i.TIM_ITRx_SetConfig  stm32f4xx_hal_tim.o
    0x080050e0   0x080050e0   0x00000026   Code   RO         3114    i.TIM_TI1_ConfigInputStage  stm32f4xx_hal_tim.o
    0x08005106   0x08005106   0x00000028   Code   RO         3116    i.TIM_TI2_ConfigInputStage  stm32f4xx_hal_tim.o
    0x0800512e   0x0800512e   0x00000002   PAD
    0x08005130   0x08005130   0x0000022c   Code   RO         4042    i.UART_SetConfig    stm32f4xx_hal_uart.o
    0x0800535c   0x0800535c   0x00000124   Code   RO         4660    i.USART3_IRQHandler  remote_control.o
    0x08005480   0x08005480   0x000000be   Code   RO         6543    i.USBD_CDC_DataIn   usbd_cdc.o
    0x0800553e   0x0800553e   0x00000048   Code   RO         6544    i.USBD_CDC_DataOut  usbd_cdc.o
    0x08005586   0x08005586   0x00000002   PAD
    0x08005588   0x08005588   0x000000d4   Code   RO         6545    i.USBD_CDC_DeInit   usbd_cdc.o
    0x0800565c   0x0800565c   0x00000050   Code   RO         6546    i.USBD_CDC_EP0_RxReady  usbd_cdc.o
    0x080056ac   0x080056ac   0x00000010   Code   RO         6547    i.USBD_CDC_GetDeviceQualifierDescriptor  usbd_cdc.o
    0x080056bc   0x080056bc   0x00000044   Code   RO         6548    i.USBD_CDC_GetFSCfgDesc  usbd_cdc.o
    0x08005700   0x08005700   0x00000048   Code   RO         6549    i.USBD_CDC_GetHSCfgDesc  usbd_cdc.o
    0x08005748   0x08005748   0x00000044   Code   RO         6550    i.USBD_CDC_GetOtherSpeedCfgDesc  usbd_cdc.o
    0x0800578c   0x0800578c   0x000001a0   Code   RO         6551    i.USBD_CDC_Init     usbd_cdc.o
    0x0800592c   0x0800592c   0x00000050   Code   RO         6552    i.USBD_CDC_ReceivePacket  usbd_cdc.o
    0x0800597c   0x0800597c   0x00000018   Code   RO         6553    i.USBD_CDC_RegisterInterface  usbd_cdc.o
    0x08005994   0x08005994   0x0000001e   Code   RO         6554    i.USBD_CDC_SetRxBuffer  usbd_cdc.o
    0x080059b2   0x080059b2   0x00000024   Code   RO         6555    i.USBD_CDC_SetTxBuffer  usbd_cdc.o
    0x080059d6   0x080059d6   0x00000140   Code   RO         6556    i.USBD_CDC_Setup    usbd_cdc.o
    0x08005b16   0x08005b16   0x00000002   PAD
    0x08005b18   0x08005b18   0x00000058   Code   RO         6557    i.USBD_CDC_TransmitPacket  usbd_cdc.o
    0x08005b70   0x08005b70   0x0000001c   Code   RO         6218    i.USBD_ClrClassConfig  usbd_core.o
    0x08005b8c   0x08005b8c   0x0000003e   Code   RO         6381    i.USBD_ClrFeature   usbd_ctlreq.o
    0x08005bca   0x08005bca   0x00000006   Code   RO         6219    i.USBD_CoreFindEP   usbd_core.o
    0x08005bd0   0x08005bd0   0x00000006   Code   RO         6220    i.USBD_CoreFindIF   usbd_core.o
    0x08005bd6   0x08005bd6   0x00000018   Code   RO         6483    i.USBD_CtlContinueRx  usbd_ioreq.o
    0x08005bee   0x08005bee   0x00000018   Code   RO         6484    i.USBD_CtlContinueSendData  usbd_ioreq.o
    0x08005c06   0x08005c06   0x00000018   Code   RO         6382    i.USBD_CtlError     usbd_ctlreq.o
    0x08005c1e   0x08005c1e   0x0000002e   Code   RO         6485    i.USBD_CtlPrepareRx  usbd_ioreq.o
    0x08005c4c   0x08005c4c   0x0000001a   Code   RO         6486    i.USBD_CtlReceiveStatus  usbd_ioreq.o
    0x08005c66   0x08005c66   0x00000024   Code   RO         6487    i.USBD_CtlSendData  usbd_ioreq.o
    0x08005c8a   0x08005c8a   0x0000001a   Code   RO         6488    i.USBD_CtlSendStatus  usbd_ioreq.o
    0x08005ca4   0x08005ca4   0x00000034   Code   RO         5879    i.USBD_FS_ConfigStrDescriptor  usbd_desc.o
    0x08005cd8   0x08005cd8   0x00000010   Code   RO         5880    i.USBD_FS_DeviceDescriptor  usbd_desc.o
    0x08005ce8   0x08005ce8   0x00000038   Code   RO         5881    i.USBD_FS_InterfaceStrDescriptor  usbd_desc.o
    0x08005d20   0x08005d20   0x00000010   Code   RO         5882    i.USBD_FS_LangIDStrDescriptor  usbd_desc.o
    0x08005d30   0x08005d30   0x0000002c   Code   RO         5883    i.USBD_FS_ManufacturerStrDescriptor  usbd_desc.o
    0x08005d5c   0x08005d5c   0x00000040   Code   RO         5884    i.USBD_FS_ProductStrDescriptor  usbd_desc.o
    0x08005d9c   0x08005d9c   0x00000018   Code   RO         5885    i.USBD_FS_SerialStrDescriptor  usbd_desc.o
    0x08005db4   0x08005db4   0x00000056   Code   RO         6383    i.USBD_GetConfig    usbd_ctlreq.o
    0x08005e0a   0x08005e0a   0x000001fc   Code   RO         6384    i.USBD_GetDescriptor  usbd_ctlreq.o
    0x08006006   0x08006006   0x00000050   Code   RO         6222    i.USBD_GetEpDesc    usbd_core.o
    0x08006056   0x08006056   0x00000016   Code   RO         6385    i.USBD_GetLen       usbd_ctlreq.o
    0x0800606c   0x0800606c   0x00000014   Code   RO         6223    i.USBD_GetNextDesc  usbd_core.o
    0x08006080   0x08006080   0x0000005a   Code   RO         6386    i.USBD_GetStatus    usbd_ctlreq.o
    0x080060da   0x080060da   0x00000068   Code   RO         6387    i.USBD_GetString    usbd_ctlreq.o
    0x08006142   0x08006142   0x0000002c   Code   RO         6024    i.USBD_Get_USB_Status  usbd_conf.o
    0x0800616e   0x0800616e   0x0000003a   Code   RO         6224    i.USBD_Init         usbd_core.o
    0x080061a8   0x080061a8   0x00000026   Code   RO         6025    i.USBD_LL_ClearStallEP  usbd_conf.o
    0x080061ce   0x080061ce   0x00000026   Code   RO         6026    i.USBD_LL_CloseEP   usbd_conf.o
    0x080061f4   0x080061f4   0x00000110   Code   RO         6225    i.USBD_LL_DataInStage  usbd_core.o
    0x08006304   0x08006304   0x0000010a   Code   RO         6226    i.USBD_LL_DataOutStage  usbd_core.o
    0x0800640e   0x0800640e   0x00000006   Code   RO         6227    i.USBD_LL_DevConnected  usbd_core.o
    0x08006414   0x08006414   0x00000026   Code   RO         6228    i.USBD_LL_DevDisconnected  usbd_core.o
    0x0800643a   0x0800643a   0x00000012   Code   RO         6030    i.USBD_LL_GetRxDataSize  usbd_conf.o
    0x0800644c   0x0800644c   0x00000068   Code   RO         6031    i.USBD_LL_Init      usbd_conf.o
    0x080064b4   0x080064b4   0x00000038   Code   RO         6032    i.USBD_LL_IsStallEP  usbd_conf.o
    0x080064ec   0x080064ec   0x00000048   Code   RO         6229    i.USBD_LL_IsoINIncomplete  usbd_core.o
    0x08006534   0x08006534   0x00000048   Code   RO         6230    i.USBD_LL_IsoOUTIncomplete  usbd_core.o
    0x0800657c   0x0800657c   0x00000030   Code   RO         6033    i.USBD_LL_OpenEP    usbd_conf.o
    0x080065ac   0x080065ac   0x00000030   Code   RO         6034    i.USBD_LL_PrepareReceive  usbd_conf.o
    0x080065dc   0x080065dc   0x0000006e   Code   RO         6231    i.USBD_LL_Reset     usbd_core.o
    0x0800664a   0x0800664a   0x00000016   Code   RO         6232    i.USBD_LL_Resume    usbd_core.o
    0x08006660   0x08006660   0x00000028   Code   RO         6233    i.USBD_LL_SOF       usbd_core.o
    0x08006688   0x08006688   0x00000008   Code   RO         6234    i.USBD_LL_SetSpeed  usbd_core.o
    0x08006690   0x08006690   0x00000026   Code   RO         6035    i.USBD_LL_SetUSBAddress  usbd_conf.o
    0x080066b6   0x080066b6   0x00000076   Code   RO         6235    i.USBD_LL_SetupStage  usbd_core.o
    0x0800672c   0x0800672c   0x00000026   Code   RO         6036    i.USBD_LL_StallEP   usbd_conf.o
    0x08006752   0x08006752   0x0000001e   Code   RO         6037    i.USBD_LL_Start     usbd_conf.o
    0x08006770   0x08006770   0x0000001c   Code   RO         6236    i.USBD_LL_Suspend   usbd_core.o
    0x0800678c   0x0800678c   0x00000030   Code   RO         6039    i.USBD_LL_Transmit  usbd_conf.o
    0x080067bc   0x080067bc   0x00000036   Code   RO         6388    i.USBD_ParseSetupRequest  usbd_ctlreq.o
    0x080067f2   0x080067f2   0x00000048   Code   RO         6237    i.USBD_RegisterClass  usbd_core.o
    0x0800683a   0x0800683a   0x00000006   Code   RO         6238    i.USBD_RunTestMode  usbd_core.o
    0x08006840   0x08006840   0x0000005a   Code   RO         6389    i.USBD_SetAddress   usbd_ctlreq.o
    0x0800689a   0x0800689a   0x00000020   Code   RO         6239    i.USBD_SetClassConfig  usbd_core.o
    0x080068ba   0x080068ba   0x00000002   PAD
    0x080068bc   0x080068bc   0x00000104   Code   RO         6390    i.USBD_SetConfig    usbd_ctlreq.o
    0x080069c0   0x080069c0   0x00000038   Code   RO         6391    i.USBD_SetFeature   usbd_ctlreq.o
    0x080069f8   0x080069f8   0x0000000c   Code   RO         6240    i.USBD_Start        usbd_core.o
    0x08006a04   0x08006a04   0x000000ae   Code   RO         6392    i.USBD_StdDevReq    usbd_ctlreq.o
    0x08006ab2   0x08006ab2   0x00000284   Code   RO         6393    i.USBD_StdEPReq     usbd_ctlreq.o
    0x08006d36   0x08006d36   0x000000ae   Code   RO         6394    i.USBD_StdItfReq    usbd_ctlreq.o
    0x08006de4   0x08006de4   0x00000002   Code   RO         6040    i.USBD_static_free  usbd_conf.o
    0x08006de6   0x08006de6   0x00000002   PAD
    0x08006de8   0x08006de8   0x0000000c   Code   RO         6041    i.USBD_static_malloc  usbd_conf.o
    0x08006df4   0x08006df4   0x000000d0   Code   RO          935    i.USB_ActivateEndpoint  stm32f4xx_ll_usb.o
    0x08006ec4   0x08006ec4   0x00000028   Code   RO          937    i.USB_ActivateSetup  stm32f4xx_ll_usb.o
    0x08006eec   0x08006eec   0x0000008c   Code   RO          939    i.USB_CoreInit      stm32f4xx_ll_usb.o
    0x08006f78   0x08006f78   0x00000062   Code   RO          940    i.USB_CoreReset     stm32f4xx_ll_usb.o
    0x08006fda   0x08006fda   0x00000002   PAD
    0x08006fdc   0x08006fdc   0x0000014c   Code   RO          943    i.USB_DeactivateEndpoint  stm32f4xx_ll_usb.o
    0x08007128   0x08007128   0x00000024   Code   RO          944    i.USB_DevConnect    stm32f4xx_ll_usb.o
    0x0800714c   0x0800714c   0x00000024   Code   RO          945    i.USB_DevDisconnect  stm32f4xx_ll_usb.o
    0x08007170   0x08007170   0x000001e8   Code   RO          946    i.USB_DevInit       stm32f4xx_ll_usb.o
    0x08007358   0x08007358   0x0000000e   Code   RO          947    i.USB_DisableGlobalInt  stm32f4xx_ll_usb.o
    0x08007366   0x08007366   0x00000002   PAD
    0x08007368   0x08007368   0x00000070   Code   RO          950    i.USB_EP0_OutStart  stm32f4xx_ll_usb.o
    0x080073d8   0x080073d8   0x0000008e   Code   RO          951    i.USB_EPClearStall  stm32f4xx_ll_usb.o
    0x08007466   0x08007466   0x0000009a   Code   RO          952    i.USB_EPSetStall    stm32f4xx_ll_usb.o
    0x08007500   0x08007500   0x000003c0   Code   RO          953    i.USB_EPStartXfer   stm32f4xx_ll_usb.o
    0x080078c0   0x080078c0   0x000000ec   Code   RO          954    i.USB_EPStopXfer    stm32f4xx_ll_usb.o
    0x080079ac   0x080079ac   0x0000000e   Code   RO          955    i.USB_EnableGlobalInt  stm32f4xx_ll_usb.o
    0x080079ba   0x080079ba   0x00000050   Code   RO          956    i.USB_FlushRxFifo   stm32f4xx_ll_usb.o
    0x08007a0a   0x08007a0a   0x00000054   Code   RO          957    i.USB_FlushTxFifo   stm32f4xx_ll_usb.o
    0x08007a5e   0x08007a5e   0x00000026   Code   RO          959    i.USB_GetDevSpeed   stm32f4xx_ll_usb.o
    0x08007a84   0x08007a84   0x0000000a   Code   RO          961    i.USB_GetMode       stm32f4xx_ll_usb.o
    0x08007a8e   0x08007a8e   0x00000014   Code   RO          969    i.USB_ReadDevAllInEpInterrupt  stm32f4xx_ll_usb.o
    0x08007aa2   0x08007aa2   0x00000014   Code   RO          970    i.USB_ReadDevAllOutEpInterrupt  stm32f4xx_ll_usb.o
    0x08007ab6   0x08007ab6   0x00000032   Code   RO          971    i.USB_ReadDevInEPInterrupt  stm32f4xx_ll_usb.o
    0x08007ae8   0x08007ae8   0x0000001a   Code   RO          972    i.USB_ReadDevOutEPInterrupt  stm32f4xx_ll_usb.o
    0x08007b02   0x08007b02   0x0000000a   Code   RO          973    i.USB_ReadInterrupts  stm32f4xx_ll_usb.o
    0x08007b0c   0x08007b0c   0x00000060   Code   RO          974    i.USB_ReadPacket    stm32f4xx_ll_usb.o
    0x08007b6c   0x08007b6c   0x00000068   Code   RO          976    i.USB_SetCurrentMode  stm32f4xx_ll_usb.o
    0x08007bd4   0x08007bd4   0x0000002a   Code   RO          977    i.USB_SetDevAddress  stm32f4xx_ll_usb.o
    0x08007bfe   0x08007bfe   0x00000012   Code   RO          978    i.USB_SetDevSpeed   stm32f4xx_ll_usb.o
    0x08007c10   0x08007c10   0x000000e8   Code   RO          979    i.USB_SetTurnaroundTime  stm32f4xx_ll_usb.o
    0x08007cf8   0x08007cf8   0x00000044   Code   RO          982    i.USB_WritePacket   stm32f4xx_ll_usb.o
    0x08007d3c   0x08007d3c   0x00000004   Code   RO          517    i.UsageFault_Handler  stm32f4xx_it.o
    0x08007d40   0x08007d40   0x00000024   Code   RO         5396    i.W_SS              nrf24l01.o
    0x08007d64   0x08007d64   0x00000010   Code   RO         2050    i.__NVIC_GetPriorityGrouping  stm32f4xx_hal_cortex.o
    0x08007d74   0x08007d74   0x00000028   Code   RO         2051    i.__NVIC_SetPriority  stm32f4xx_hal_cortex.o
    0x08007d9c   0x08007d9c   0x00000004   PAD
    0x08007da0   0x08007da0   0x00000358   Code   RO         6687    i.__hardfp_acos     m_wm.l(acos.o)
    0x080080f8   0x080080f8   0x000000f8   Code   RO         6741    i.__kernel_poly     m_wm.l(poly.o)
    0x080081f0   0x080081f0   0x00000014   Code   RO         6728    i.__mathlib_dbl_infnan  m_wm.l(dunder.o)
    0x08008204   0x08008204   0x00000004   PAD
    0x08008208   0x08008208   0x00000020   Code   RO         6730    i.__mathlib_dbl_invalid  m_wm.l(dunder.o)
    0x08008228   0x08008228   0x0000001a   Code   RO         5140    i._xor              usb_cdc.o
    0x08008242   0x08008242   0x00000002   PAD
    0x08008244   0x08008244   0x0000001c   Code   RO         4403    i.can1_motor_measure_point  can_receive.o
    0x08008260   0x08008260   0x0000001c   Code   RO         4404    i.can2_motor_measure_point  can_receive.o
    0x0800827c   0x0800827c   0x0000005c   Code   RO         5349    i.can_filter_init   bsp_can.o
    0x080082d8   0x080082d8   0x0000001a   Code   RO         4405    i.can_motor_measure_point  can_receive.o
    0x080082f2   0x080082f2   0x00000002   PAD
    0x080082f4   0x080082f4   0x00000240   Code   RO         4805    i.chassisMath_D_chassis  chassis_task.o
    0x08008534   0x08008534   0x00000064   Code   RO         4806    i.chassis_D_task    chassis_task.o
    0x08008598   0x08008598   0x00000248   Code   RO         4807    i.chassis_math_D_angle_mapping  chassis_task.o
    0x080087e0   0x080087e0   0x00000160   Code   RO         4808    i.chassis_math_D_angle_set_ref  chassis_task.o
    0x08008940   0x08008940   0x000000ec   Code   RO         4809    i.chassis_task_D_init  chassis_task.o
    0x08008a2c   0x08008a2c   0x00000260   Code   RO         4943    i.driver_contorl_pid  driver_contorl.o
    0x08008c8c   0x08008c8c   0x00000008   Code   RO         4414    i.get_CAN2_motor1_measure_point  can_receive.o
    0x08008c94   0x08008c94   0x00000008   Code   RO         4415    i.get_CAN2_motor2_measure_point  can_receive.o
    0x08008c9c   0x08008c9c   0x00000008   Code   RO         4416    i.get_CAN2_motor3_measure_point  can_receive.o
    0x08008ca4   0x08008ca4   0x00000008   Code   RO         4417    i.get_CAN2_motor4_measure_point  can_receive.o
    0x08008cac   0x08008cac   0x00000008   Code   RO         4418    i.get_CAN2_motor5_measure_point  can_receive.o
    0x08008cb4   0x08008cb4   0x00000008   Code   RO         4419    i.get_CAN2_motor6_measure_point  can_receive.o
    0x08008cbc   0x08008cbc   0x00000008   Code   RO         4420    i.get_CAN2_motor7_measure_point  can_receive.o
    0x08008cc4   0x08008cc4   0x00000008   Code   RO         4421    i.get_CAN2_motor8_measure_point  can_receive.o
    0x08008ccc   0x08008ccc   0x00000068   Code   RO           15    i.main              main.o
    0x08008d34   0x08008d34   0x00000048   Code   RO         4730    i.motor_can_init    motor_can.o
    0x08008d7c   0x08008d7c   0x00000214   Code   RO         4732    i.motor_can_pid     motor_can.o
    0x08008f90   0x08008f90   0x0000002c   Code   RO         4733    i.motor_can_return_ecd  motor_can.o
    0x08008fbc   0x08008fbc   0x0000002c   Code   RO         4734    i.motor_can_return_speed  motor_can.o
    0x08008fe8   0x08008fe8   0x00000018   Code   RO         4735    i.motor_can_send    motor_can.o
    0x08009000   0x08009000   0x00000050   Code   RO         4736    i.motor_can_speed   motor_can.o
    0x08009050   0x08009050   0x00000204   Code   RO         4737    i.motor_teyp_init   motor_can.o
    0x08009254   0x08009254   0x00000014   Code   RO         5579    i.pid_param_init    pidd.o
    0x08009268   0x08009268   0x00000034   Code   RO         5580    i.pid_reset         pidd.o
    0x0800929c   0x0800929c   0x00000038   Code   RO         5660    i.relay_control     jidianqi.o
    0x080092d4   0x080092d4   0x0000008c   Code   RO         5661    i.relay_task        jidianqi.o
    0x08009360   0x08009360   0x00000324   Code   RO         5662    i.relay_task_mode   jidianqi.o
    0x08009684   0x08009684   0x00000010   Code   RO         4900    i.remote_behaviou_init  remote_behaviou.o
    0x08009694   0x08009694   0x000002f4   Code   RO         4901    i.remote_behaviou_set  remote_behaviou.o
    0x08009988   0x08009988   0x000000da   Code   RO         4663    i.sbus_to_rc        remote_control.o
    0x08009a62   0x08009a62   0x00000002   PAD
    0x08009a64   0x08009a64   0x00000074   Code   RO         5534    i.set_ref           pid.o
    0x08009ad8   0x08009ad8   0x0000009c   Code   RO         4810    i.slope             chassis_task.o
    0x08009b74   0x08009b74   0x0000006e   Code   RO         6745    i.sqrt              m_wm.l(sqrt.o)
    0x08009be2   0x08009be2   0x00000002   PAD
    0x08009be4   0x08009be4   0x0000001c   Code   RO         5141    i.usb_cdc_init      usb_cdc.o
    0x08009c00   0x08009c00   0x00000328   Code   RO         5142    i.usb_cdc_on_rx     usb_cdc.o
    0x08009f28   0x08009f28   0x00000040   Code   RO         5143    i.usb_cdc_relay_task  usb_cdc.o
    0x08009f68   0x08009f68   0x0000005c   Code   RO         5144    i.usb_cdc_tick      usb_cdc.o
    0x08009fc4   0x08009fc4   0x00000064   Code   RO         5145    i.usb_recet_flage   usb_cdc.o
    0x0800a028   0x0800a028   0x00000062   Code   RO         6657    x$fpl$d2f           fz_wm.l(d2f.o)
    0x0800a08a   0x0800a08a   0x00000002   PAD
    0x0800a08c   0x0800a08c   0x00000150   Code   RO         6659    x$fpl$dadd          fz_wm.l(daddsub_clz.o)
    0x0800a1dc   0x0800a1dc   0x00000018   Code   RO         6716    x$fpl$dcmpinf       fz_wm.l(dcmpi.o)
    0x0800a1f4   0x0800a1f4   0x000002b0   Code   RO         6666    x$fpl$ddiv          fz_wm.l(ddiv.o)
    0x0800a4a4   0x0800a4a4   0x0000005e   Code   RO         6669    x$fpl$dfix          fz_wm.l(dfix.o)
    0x0800a502   0x0800a502   0x0000002e   Code   RO         6674    x$fpl$dflt          fz_wm.l(dflt_clz.o)
    0x0800a530   0x0800a530   0x00000078   Code   RO         6679    x$fpl$dleqf         fz_wm.l(dleqf.o)
    0x0800a5a8   0x0800a5a8   0x00000154   Code   RO         6681    x$fpl$dmul          fz_wm.l(dmul.o)
    0x0800a6fc   0x0800a6fc   0x0000009c   Code   RO         6718    x$fpl$dnaninf       fz_wm.l(dnaninf.o)
    0x0800a798   0x0800a798   0x0000000c   Code   RO         6720    x$fpl$dretinf       fz_wm.l(dretinf.o)
    0x0800a7a4   0x0800a7a4   0x0000006c   Code   RO         6683    x$fpl$drleqf        fz_wm.l(drleqf.o)
    0x0800a810   0x0800a810   0x00000016   Code   RO         6660    x$fpl$drsb          fz_wm.l(daddsub_clz.o)
    0x0800a826   0x0800a826   0x00000002   PAD
    0x0800a828   0x0800a828   0x00000198   Code   RO         6777    x$fpl$dsqrt         fz_wm.l(dsqrt_umaal.o)
    0x0800a9c0   0x0800a9c0   0x000001d4   Code   RO         6661    x$fpl$dsub          fz_wm.l(daddsub_clz.o)
    0x0800ab94   0x0800ab94   0x00000056   Code   RO         6685    x$fpl$f2d           fz_wm.l(f2d.o)
    0x0800abea   0x0800abea   0x0000008c   Code   RO         6722    x$fpl$fnaninf       fz_wm.l(fnaninf.o)
    0x0800ac76   0x0800ac76   0x0000000a   Code   RO         6864    x$fpl$fpinit        fz_wm.l(fpinit.o)
    0x0800ac80   0x0800ac80   0x0000000a   Code   RO         6724    x$fpl$fretinf       fz_wm.l(fretinf.o)
    0x0800ac8a   0x0800ac8a   0x00000000   Code   RO         6726    x$fpl$usenofp       fz_wm.l(usenofp.o)
    0x0800ac8a   0x0800ac8a   0x00000008   Data   RO         1764    .constdata          stm32f4xx_hal_dma.o
    0x0800ac92   0x0800ac92   0x00000018   Data   RO         4360    .constdata          system_stm32f4xx.o
    0x0800acaa   0x0800acaa   0x0000000a   Data   RO         5398    .constdata          nrf24l01.o
    0x0800acb4   0x0800acb4   0x00000050   Data   RO         5664    .constdata          jidianqi.o
    0x0800ad04   0x0800ad04   0x00000004   PAD
    0x0800ad08   0x0800ad08   0x00000050   Data   RO         6690    .constdata          m_wm.l(acos.o)
    0x0800ad58   0x0800ad58   0x00000020   Data   RO         6920    Region$$Table       anon$$obj.o


    Execution Region RW_IRAM1 (Exec base: 0x20000000, Load base: 0x0800ad78, Size: 0x00003658, Max: 0x0001c000, ABSOLUTE, COMPRESSED[0x00000128])

    Exec Addr    Load Addr    Size         Type   Attr      Idx    E Section Name        Object

    0x20000000   COMPRESSED   0x00000004   Data   RW          289    .data               can.o
    0x20000004   COMPRESSED   0x00000009   Data   RW         2214    .data               stm32f4xx_hal.o
    0x2000000d   COMPRESSED   0x00000003   PAD
    0x20000010   COMPRESSED   0x00000004   Data   RW         4361    .data               system_stm32f4xx.o
    0x20000014   COMPRESSED   0x0000000a   Data   RW         4423    .data               can_receive.o
    0x2000001e   COMPRESSED   0x00000002   Data   RW         4667    .data               remote_control.o
    0x20000020   COMPRESSED   0x000000ac   Data   RW         4739    .data               motor_can.o
    0x200000cc   COMPRESSED   0x0000006c   Data   RW         4812    .data               chassis_task.o
    0x20000138   COMPRESSED   0x00000106   Data   RW         4964    .data               driver_contorl.o
    0x2000023e   COMPRESSED   0x00000002   PAD
    0x20000240   COMPRESSED   0x0000001d   Data   RW         5147    .data               usb_cdc.o
    0x2000025d   COMPRESSED   0x0000000d   Data   RW         5399    .data               nrf24l01.o
    0x2000026a   COMPRESSED   0x0000000b   Data   RW         5665    .data               jidianqi.o
    0x20000275   COMPRESSED   0x00000003   PAD
    0x20000278   COMPRESSED   0x0000004e   Data   RW         5887    .data               usbd_desc.o
    0x200002c6   COMPRESSED   0x00000002   PAD
    0x200002c8   COMPRESSED   0x00000014   Data   RW         5961    .data               usbd_cdc_if.o
    0x200002dc   COMPRESSED   0x00000001   Data   RW         6395    .data               usbd_ctlreq.o
    0x200002dd   COMPRESSED   0x00000003   PAD
    0x200002e0   COMPRESSED   0x0000008a   Data   RW         6558    .data               usbd_cdc.o
    0x2000036a   COMPRESSED   0x00000002   PAD
    0x2000036c        -       0x00000050   Zero   RW          288    .bss                can.o
    0x200003bc        -       0x00000118   Zero   RW          360    .bss                spi.o
    0x200004d4        -       0x000000d8   Zero   RW          404    .bss                tim.o
    0x200005ac        -       0x000000f0   Zero   RW          457    .bss                usart.o
    0x2000069c        -       0x000000f4   Zero   RW         4422    .bss                can_receive.o
    0x20000790        -       0x0000005e   Zero   RW         4666    .bss                remote_control.o
    0x200007ee   COMPRESSED   0x00000002   PAD
    0x200007f0        -       0x00000430   Zero   RW         4738    .bss                motor_can.o
    0x20000c20        -       0x00000098   Zero   RW         4811    .bss                chassis_task.o
    0x20000cb8        -       0x000006c0   Zero   RW         4963    .bss                driver_contorl.o
    0x20001378        -       0x00000060   Zero   RW         5146    .bss                usb_cdc.o
    0x200013d8        -       0x00000030   Zero   RW         5397    .bss                nrf24l01.o
    0x20001408        -       0x0000000a   Zero   RW         5663    .bss                jidianqi.o
    0x20001412   COMPRESSED   0x00000002   PAD
    0x20001414        -       0x000002dc   Zero   RW         5839    .bss                usb_device.o
    0x200016f0        -       0x00000200   Zero   RW         5886    .bss                usbd_desc.o
    0x200018f0        -       0x00001000   Zero   RW         5960    .bss                usbd_cdc_if.o
    0x200028f0        -       0x00000704   Zero   RW         6042    .bss                usbd_conf.o
    0x20002ff4        -       0x00000060   Zero   RW         6780    .bss                c_w.l(libspace.o)
    0x20003054   COMPRESSED   0x00000004   PAD
    0x20003058        -       0x00000200   Zero   RW            2    HEAP                startup_stm32f407xx.o
    0x20003258        -       0x00000400   Zero   RW            1    STACK               startup_stm32f407xx.o


    Execution Region RW_IRAM2 (Exec base: 0x2001c000, Load base: 0x0800aea0, Size: 0x00000000, Max: 0x00004000, ABSOLUTE)

    **** No section assigned to this execution region ****


==============================================================================

Image component sizes


      Code (inc. data)   RO Data    RW Data    ZI Data      Debug   Object Name

        92          8          0          0          0        610   bsp_can.o
         0          0          0          0          0     570820   bsp_rc.o
       488         44          0          4         80       2554   can.o
       818        104          0         10        244     635130   can_receive.o
      2152        164          0        108        152      24738   chassis_task.o
        88          4          0          0          0        826   dma.o
       608        122          0        262       1728       8101   driver_contorl.o
       520         24          0          0          0       1327   gpio.o
      1000         74         80         11         10       3478   jidianqi.o
       290         24          0          0          0     725772   main.o
      1312         88          0        172       1072       6684   motor_can.o
       934         62         10         13         48      11864   nrf24l01.o
       744         16          0          0          0       3200   pid.o
       168         14          0          0          0       3354   pidd.o
       772          8          0          0          0       2281   remote_behaviou.o
       510         28          0          2         94       3762   remote_control.o
       464         32          0          0        280       2035   spi.o
        64         26        392          0       1536        864   startup_stm32f407xx.o
       212         36          0          9          0       9577   stm32f4xx_hal.o
      2144          4          0          0          0      14827   stm32f4xx_hal_can.o
       312         22          0          0          0      34491   stm32f4xx_hal_cortex.o
      1224         16          8          0          0       5699   stm32f4xx_hal_dma.o
       512         46          0          0          0       2180   stm32f4xx_hal_gpio.o
        72          4          0          0          0        906   stm32f4xx_hal_msp.o
      3562         16          0          0          0      14144   stm32f4xx_hal_pcd.o
        90          0          0          0          0       2521   stm32f4xx_hal_pcd_ex.o
      1820         84          0          0          0       5788   stm32f4xx_hal_rcc.o
      1954         32          0          0          0      13650   stm32f4xx_hal_spi.o
      1252         76          0          0          0      10127   stm32f4xx_hal_tim.o
       184         30          0          0          0       2613   stm32f4xx_hal_tim_ex.o
       674         10          0          0          0       1936   stm32f4xx_hal_uart.o
       162         48          0          0          0       8617   stm32f4xx_it.o
      3908         84          0          0          0      23556   stm32f4xx_ll_usb.o
        20          6         24          4          0       1199   system_stm32f4xx.o
       516         38          0          0        216       3252   tim.o
       464         50          0          0        240       2578   usart.o
      1118        122          0         29         96       6530   usb_cdc.o
        76         16          0          0        732       2659   usb_device.o
      1772         52          0        138          0      14673   usbd_cdc.o
       212         22          0         20       4096       4528   usbd_cdc_if.o
      1004         24          0          0       1796      18252   usbd_conf.o
      1372          0          0          0          0      17077   usbd_core.o
      2366         30          0          1          0      18252   usbd_ctlreq.o
       386        122          0         78        512       7133   usbd_desc.o
       182          0          0          0          0       4876   usbd_ioreq.o

    ----------------------------------------------------------------------
     38646       1836        550        876      12936    2259041   Object Totals
         0          0         32          0          0          0   (incl. Generated)
        52          4          4         15          4          0   (incl. Padding)

    ----------------------------------------------------------------------

      Code (inc. data)   RO Data    RW Data    ZI Data      Debug   Library Member Name

        90          0          0          0          0          0   __dczerorl2.o
         8          0          0          0          0         68   __main.o
         0          0          0          0          0          0   __rtentry.o
        12          0          0          0          0          0   __rtentry2.o
         6          0          0          0          0          0   __rtentry4.o
        52          8          0          0          0          0   __scatter.o
        28          0          0          0          0          0   __scatter_zi.o
        22          0          0          0          0        100   _rserrno.o
        18          0          0          0          0         80   exit.o
         6          0          0          0          0        152   heapauxi.o
         0          0          0          0          0          0   indicate_semi.o
         2          0          0          0          0          0   libinit.o
         6          0          0          0          0          0   libinit2.o
         2          0          0          0          0          0   libshutdown.o
         2          0          0          0          0          0   libshutdown2.o
         8          4          0          0         96         68   libspace.o
       238          0          0          0          0        100   lludivv7m.o
         8          4          0          0          0         68   rt_errno_addr_intlibspace.o
        78          0          0          0          0         80   rt_memclr_w.o
         2          0          0          0          0          0   rtexit.o
        10          0          0          0          0          0   rtexit2.o
        12          4          0          0          0         68   sys_exit.o
        74          0          0          0          0         80   sys_stackheap_outer.o
         2          0          0          0          0         68   use_no_semi.o
        98          4          0          0          0        140   d2f.o
       826         16          0          0          0        492   daddsub_clz.o
        24          0          0          0          0        116   dcmpi.o
       688        140          0          0          0        256   ddiv.o
        94          4          0          0          0        140   dfix.o
        46          0          0          0          0        116   dflt_clz.o
       120          4          0          0          0        140   dleqf.o
       340         12          0          0          0        152   dmul.o
       156          4          0          0          0        140   dnaninf.o
        12          0          0          0          0        116   dretinf.o
       108          0          0          0          0        128   drleqf.o
       408         56          0          0          0        168   dsqrt_umaal.o
        86          4          0          0          0        132   f2d.o
       140          4          0          0          0        132   fnaninf.o
        10          0          0          0          0        116   fpinit.o
        10          0          0          0          0        116   fretinf.o
         0          0          0          0          0          0   usenofp.o
       856        118         80          0          0        288   acos.o
        52          8          0          0          0        248   dunder.o
       248          0          0          0          0        152   poly.o
       110          0          0          0          0        148   sqrt.o

    ----------------------------------------------------------------------
      5132        394         80          0        100       4368   Library Totals
        14          0          0          0          4          0   (incl. Padding)

    ----------------------------------------------------------------------

      Code (inc. data)   RO Data    RW Data    ZI Data      Debug   Library Name

       686         20          0          0         96        932   c_w.l
      3166        248          0          0          0       2600   fz_wm.l
      1266        126         80          0          0        836   m_wm.l

    ----------------------------------------------------------------------
      5132        394         80          0        100       4368   Library Totals

    ----------------------------------------------------------------------

==============================================================================


      Code (inc. data)   RO Data    RW Data    ZI Data      Debug   

     43778       2230        630        876      13036    2229245   Grand Totals
     43778       2230        630        296      13036    2229245   ELF Image Totals (compressed)
     43778       2230        630        296          0          0   ROM Totals

==============================================================================

    Total RO  Size (Code + RO Data)                44408 (  43.37kB)
    Total RW  Size (RW Data + ZI Data)             13912 (  13.59kB)
    Total ROM Size (Code + RO Data + RW Data)      44704 (  43.66kB)

==============================================================================

